#
# There is insufficient memory for the Java Runtime Environment to continue.
# Native memory allocation (malloc) failed to allocate 682824 bytes. Error detail: Chunk::new
# Possible reasons:
#   The system is out of physical RAM or swap space
#   This process is running with CompressedOops enabled, and the Java Heap may be blocking the growth of the native heap
# Possible solutions:
#   Reduce memory load on the system
#   Increase physical memory or swap space
#   Check if swap backing store is full
#   Decrease Java heap size (-Xmx/-Xms)
#   Decrease number of Java threads
#   Decrease Java thread stack sizes (-Xss)
#   Set larger code cache with -XX:ReservedCodeCacheSize=
#   JVM is running with Unscaled Compressed Oops mode in which the Java heap is
#     placed in the first 4GB address space. The Java Heap base address is the
#     maximum limit for the native heap growth. Please use -XX:HeapBaseMinAddress
#     to set the Java Heap base and to place the Java Heap above 4GB virtual address.
# This output file may be truncated or incomplete.
#
#  Out of Memory Error (arena.cpp:193), pid=7104, tid=11604
#
# JRE version: Java(TM) SE Runtime Environment (26.0.2+10) (build 26.0.2+10-55)
# Java VM: Java HotSpot(TM) 64-Bit Server VM (26.0.2+10-55, mixed mode, sharing, tiered, compressed oops, compressed class ptrs, parallel gc, windows-amd64)
# No core dump will be written. Minidumps are not enabled by default on client versions of Windows
#

---------------  S U M M A R Y ------------

Command Line: -Djdk.xml.maxGeneralEntitySizeLimit=0 -Djdk.xml.totalEntitySizeLimit=0 --add-modules=ALL-SYSTEM --add-opens=java.base/java.util=ALL-UNNAMED --add-opens=java.base/java.lang=ALL-UNNAMED --add-opens=java.base/sun.nio.fs=ALL-UNNAMED -Declipse.application=org.eclipse.jdt.ls.core.id1 -Dosgi.bundles.defaultStartLevel=4 -Declipse.product=org.eclipse.jdt.ls.core.product -Djava.import.generatesMetadataFilesAtProjectRoot=false -Dm2e.project.cache.size=50 -DDetectVMInstallationsJob.disabled=true -Dfile.encoding=utf8 -XX:+UseParallelGC -XX:GCTimeRatio=4 -XX:AdaptiveSizePolicyWeight=90 -Dsun.zip.disableMemoryMapping=true -Xmx2G -Xms100m -Xlog:disable -javaagent:c:\Users\ASUS\.vscode\extensions\redhat.java-1.56.0-win32-x64\lombok\lombok-1.18.39-4050.jar -XX:+HeapDumpOnOutOfMemoryError -XX:HeapDumpPath=c:\Users\ASUS\AppData\Roaming\Code\User\workspaceStorage\f1371b9cf793ad4376cc3e4581f32f59\redhat.java -Daether.dependencyCollector.impl=bf c:\Users\ASUS\.vscode\extensions\redhat.java-1.56.0-win32-x64\server\plugins\org.eclipse.equinox.launcher_1.8.0.v20260804-1928.jar -configuration c:\Users\ASUS\AppData\Roaming\Code\User\globalStorage\redhat.java\1.56.0\config_win -data c:\Users\ASUS\AppData\Roaming\Code\User\workspaceStorage\f1371b9cf793ad4376cc3e4581f32f59\redhat.java\jdt_ws --stdio

Host: AMD Ryzen 5 7520U with Radeon Graphics         , 8 cores, 15G,  Windows 11 , 64 bit Build 26100 (10.0.26100.9444)
Time: Mon Sep 21 20:50:29 2026 SE Asia Standard Time elapsed time: 53.016348 seconds (0d 0h 0m 53s)

---------------  T H R E A D  ---------------

Current thread (0x000002a55e51a120):  JavaThread "C2 CompilerThread0" daemon [_thread_in_native, id=11604, stack(0x000000ae72d00000,0x000000ae72e00000) (1024K)]


Current CompileTask:
C2:53016 10650   !   4       org.eclipse.jdt.internal.compiler.classfmt.ClassFileReader::<init> (1968 bytes)

Stack: [0x000000ae72d00000,0x000000ae72e00000]
Native frames: (J=compiled Java code, j=interpreted, Vv=VM code, C=native code)
V  [jvm.dll+0x7d6ea9]  (no source info available)
V  [jvm.dll+0x7a4dcd]  (no source info available)
V  [jvm.dll+0x9b2390]  (no source info available)
V  [jvm.dll+0x9b47e1]  (no source info available)
V  [jvm.dll+0x9b4ef3]  (no source info available)
V  [jvm.dll+0x30f4d6]  (no source info available)
V  [jvm.dll+0x11ddb6]  (no source info available)
V  [jvm.dll+0x11e0de]  (no source info available)
V  [jvm.dll+0x398151]  (no source info available)
V  [jvm.dll+0x6ef199]  (no source info available)
V  [jvm.dll+0x2dbc0a]  (no source info available)
V  [jvm.dll+0x2d40a2]  (no source info available)
V  [jvm.dll+0x2d17cd]  (no source info available)
V  [jvm.dll+0x246d30]  (no source info available)
V  [jvm.dll+0x2e19dc]  (no source info available)
V  [jvm.dll+0x2dfbbd]  (no source info available)
V  [jvm.dll+0x4a5a61]  (no source info available)
V  [jvm.dll+0x950d59]  (no source info available)
V  [jvm.dll+0x7d8988]  (no source info available)
C  [ucrtbase.dll+0x2cd30]  (no source info available)
C  [KERNEL32.DLL+0x2cd87]  (no source info available)
C  [ntdll.dll+0xacaec]  (no source info available)

Lock stack of current Java thread (top to bottom):


---------------  P R O C E S S  ---------------

Threads class SMR info:
_java_thread_list=0x000002a565fff210, length=51, elements={
0x000002a5420e7b30, 0x000002a55e50b200, 0x000002a55e5112e0, 0x000002a55e5128a0,
0x000002a55e516f80, 0x000002a55e513a90, 0x000002a55e515250, 0x000002a55e51a120,
0x000002a55e5593f0, 0x000002a5641163d0, 0x000002a564775910, 0x000002a564a9a520,
0x000002a5642c6060, 0x000002a5642cbe20, 0x000002a564fe6760, 0x000002a564fe86a0,
0x000002a564feccf0, 0x000002a56429c8f0, 0x000002a5642a0770, 0x000002a56429e830,
0x000002a5642a26b0, 0x000002a5642a3e20, 0x000002a55e5227e0, 0x000002a56603ba00,
0x000002a56603b230, 0x000002a56603c9a0, 0x000002a566040820, 0x000002a566041f90,
0x000002a56603f0b0, 0x000002a5642a1ee0, 0x000002a56617dca0, 0x000002a56617f410,
0x000002a56617e470, 0x000002a566054960, 0x000002a5660568a0, 0x000002a5660531f0,
0x000002a566057840, 0x000002a566057070, 0x000002a566054190, 0x000002a5642c7000,
0x000002a564febd50, 0x000002a569fdca20, 0x000002a569fdd9c0, 0x000002a569fdaae0,
0x000002a569fda310, 0x000002a569fe00d0, 0x000002a569fde960, 0x000002a569fe1070,
0x000002a569fe1840, 0x000002a56a52deb0, 0x000002a56a52fdf0
}

Java Threads: ( => current thread )
  0x000002a5420e7b30 JavaThread "main"                              [_thread_blocked, id=15560, stack(0x000000ae72300000,0x000000ae72400000) (1024K)]
  0x000002a55e50b200 JavaThread "Reference Handler"          daemon [_thread_blocked, id=6188, stack(0x000000ae72700000,0x000000ae72800000) (1024K)]
  0x000002a55e5112e0 JavaThread "Finalizer"                  daemon [_thread_blocked, id=7400, stack(0x000000ae72800000,0x000000ae72900000) (1024K)]
  0x000002a55e5128a0 JavaThread "Signal Dispatcher"          daemon [_thread_blocked, id=3928, stack(0x000000ae72900000,0x000000ae72a00000) (1024K)]
  0x000002a55e516f80 JavaThread "Attach Listener"            daemon [_thread_blocked, id=14648, stack(0x000000ae72a00000,0x000000ae72b00000) (1024K)]
  0x000002a55e513a90 JavaThread "Service Thread"             daemon [_thread_blocked, id=520, stack(0x000000ae72b00000,0x000000ae72c00000) (1024K)]
  0x000002a55e515250 JavaThread "Monitor Deflation Thread"   daemon [_thread_blocked, id=1464, stack(0x000000ae72c00000,0x000000ae72d00000) (1024K)]
=>0x000002a55e51a120 JavaThread "C2 CompilerThread0"         daemon [_thread_in_native, id=11604, stack(0x000000ae72d00000,0x000000ae72e00000) (1024K)]
  0x000002a55e5593f0 JavaThread "C1 CompilerThread0"         daemon [_thread_blocked, id=1632, stack(0x000000ae72e00000,0x000000ae72f00000) (1024K)]
  0x000002a5641163d0 JavaThread "Common-Cleaner"             daemon [_thread_blocked, id=4592, stack(0x000000ae73000000,0x000000ae73100000) (1024K)]
  0x000002a564775910 JavaThread "Notification Thread"        daemon [_thread_blocked, id=13080, stack(0x000000ae73100000,0x000000ae73200000) (1024K)]
  0x000002a564a9a520 JavaThread "Active Thread: Equinox Container: a5542d6d-af97-4911-aa7a-c50695048cf2"        [_thread_blocked, id=13888, stack(0x000000ae72f00000,0x000000ae73000000) (1024K)]
  0x000002a5642c6060 JavaThread "Framework Event Dispatcher: Equinox Container: a5542d6d-af97-4911-aa7a-c50695048cf2" daemon [_thread_blocked, id=10580, stack(0x000000ae73b00000,0x000000ae73c00000) (1024K)]
  0x000002a5642cbe20 JavaThread "Start Level: Equinox Container: a5542d6d-af97-4911-aa7a-c50695048cf2" daemon [_thread_blocked, id=13576, stack(0x000000ae73c00000,0x000000ae73d00000) (1024K)]
  0x000002a564fe6760 JavaThread "Bundle File Closer"         daemon [_thread_blocked, id=12484, stack(0x000000ae74000000,0x000000ae74100000) (1024K)]
  0x000002a564fe86a0 JavaThread "Refresh Thread: Equinox Container: a5542d6d-af97-4911-aa7a-c50695048cf2" daemon [_thread_blocked, id=22212, stack(0x000000ae74100000,0x000000ae74200000) (1024K)]
  0x000002a564feccf0 JavaThread "SCR Component Actor"        daemon [_thread_blocked, id=22208, stack(0x000000ae74500000,0x000000ae74600000) (1024K)]
  0x000002a56429c8f0 JavaThread "Worker-JM"                         [_thread_blocked, id=8480, stack(0x000000ae73e00000,0x000000ae73f00000) (1024K)]
  0x000002a5642a0770 JavaThread "Worker-0"                          [_thread_blocked, id=20772, stack(0x000000ae74600000,0x000000ae74700000) (1024K)]
  0x000002a56429e830 JavaThread "Worker-1: Java indexing... "        [_thread_blocked, id=16084, stack(0x000000ae74700000,0x000000ae74800000) (1024K)]
  0x000002a5642a26b0 JavaThread "Worker-2"                          [_thread_blocked, id=10396, stack(0x000000ae73d00000,0x000000ae73e00000) (1024K)]
  0x000002a5642a3e20 JavaThread "Java indexing"              daemon [_thread_in_Java, id=24188, stack(0x000000ae74c00000,0x000000ae74d00000) (1024K)]
  0x000002a55e5227e0 JavaThread "Worker-3"                          [_thread_blocked, id=12876, stack(0x000000ae74d00000,0x000000ae74e00000) (1024K)]
  0x000002a56603ba00 JavaThread "JNA Cleaner"                daemon [_thread_blocked, id=17724, stack(0x000000ae74e00000,0x000000ae74f00000) (1024K)]
  0x000002a56603b230 JavaThread "Worker-4: Check JDK Index"         [_thread_blocked, id=19272, stack(0x000000ae75100000,0x000000ae75200000) (1024K)]
  0x000002a56603c9a0 JavaThread "Worker-5"                          [_thread_blocked, id=22480, stack(0x000000ae75200000,0x000000ae75300000) (1024K)]
  0x000002a566040820 JavaThread "pool-2-thread-1"                   [_thread_blocked, id=7808, stack(0x000000ae75300000,0x000000ae75400000) (1024K)]
  0x000002a566041f90 JavaThread "WorkspaceEventsHandler"            [_thread_blocked, id=16284, stack(0x000000ae75400000,0x000000ae75500000) (1024K)]
  0x000002a56603f0b0 JavaThread "pool-1-thread-1"                   [_thread_blocked, id=17612, stack(0x000000ae75500000,0x000000ae75600000) (1024K)]
  0x000002a5642a1ee0 JavaThread "InnocuousThread-1"          daemon [_thread_blocked, id=23668, stack(0x000000ae75600000,0x000000ae75700000) (1024K)]
  0x000002a56617dca0 JavaThread "Worker-6"                          [_thread_blocked, id=7172, stack(0x000000ae73600000,0x000000ae73700000) (1024K)]
  0x000002a56617f410 JavaThread "ForkJoinPool.commonPool-worker-1" daemon [_thread_blocked, id=1500, stack(0x000000ae73700000,0x000000ae73800000) (1024K)]
  0x000002a56617e470 JavaThread "ForkJoinPool.commonPool-worker-2" daemon [_thread_blocked, id=20344, stack(0x000000ae73800000,0x000000ae73900000) (1024K)]
  0x000002a566054960 JavaThread "Compiler Source File Reader" daemon [_thread_blocked, id=4436, stack(0x000000ae73a00000,0x000000ae73b00000) (1024K)]
  0x000002a5660568a0 JavaThread "Compiler Source File Reader" daemon [_thread_blocked, id=23296, stack(0x000000ae74200000,0x000000ae74300000) (1024K)]
  0x000002a5660531f0 JavaThread "Compiler Source File Reader" daemon [_thread_blocked, id=5992, stack(0x000000ae74300000,0x000000ae74400000) (1024K)]
  0x000002a566057840 JavaThread "Compiler Source File Reader" daemon [_thread_blocked, id=21280, stack(0x000000ae74a00000,0x000000ae74b00000) (1024K)]
  0x000002a566057070 JavaThread "Compiler Source File Reader" daemon [_thread_blocked, id=17480, stack(0x000000ae74b00000,0x000000ae74c00000) (1024K)]
  0x000002a566054190 JavaThread "Compiler Source File Reader" daemon [_thread_blocked, id=11556, stack(0x000000ae75700000,0x000000ae75800000) (1024K)]
  0x000002a5642c7000 JavaThread "Compiler Processing Task"   daemon [_thread_blocked, id=15520, stack(0x000000ae75800000,0x000000ae75900000) (1024K)]
  0x000002a564febd50 JavaThread "Compiler Class File Writer" daemon [_thread_blocked, id=20388, stack(0x000000ae75900000,0x000000ae75a00000) (1024K)]
  0x000002a569fdca20 JavaThread "Compiler Class File Writer" daemon [_thread_blocked, id=19232, stack(0x000000ae75a00000,0x000000ae75b00000) (1024K)]
  0x000002a569fdd9c0 JavaThread "Compiler Class File Writer" daemon [_thread_blocked, id=8012, stack(0x000000ae75b00000,0x000000ae75c00000) (1024K)]
  0x000002a569fdaae0 JavaThread "Compiler Class File Writer" daemon [_thread_blocked, id=11252, stack(0x000000ae75c00000,0x000000ae75d00000) (1024K)]
  0x000002a569fda310 JavaThread "ForkJoinPool.commonPool-worker-3" daemon [_thread_blocked, id=6084, stack(0x000000ae75d00000,0x000000ae75e00000) (1024K)]
  0x000002a569fe00d0 JavaThread "ForkJoinPool.commonPool-worker-4" daemon [_thread_blocked, id=19332, stack(0x000000ae75e00000,0x000000ae75f00000) (1024K)]
  0x000002a569fde960 JavaThread "ForkJoinPool.commonPool-worker-5" daemon [_thread_blocked, id=16228, stack(0x000000ae75f00000,0x000000ae76000000) (1024K)]
  0x000002a569fe1070 JavaThread "ForkJoinPool.commonPool-worker-6" daemon [_thread_blocked, id=8572, stack(0x000000ae76000000,0x000000ae76100000) (1024K)]
  0x000002a569fe1840 JavaThread "ForkJoinPool.commonPool-worker-7" daemon [_thread_blocked, id=24136, stack(0x000000ae76100000,0x000000ae76200000) (1024K)]
  0x000002a56a52deb0 JavaThread "Compiler Class File Writer" daemon [_thread_blocked, id=23388, stack(0x000000ae76200000,0x000000ae76300000) (1024K)]
  0x000002a56a52fdf0 JavaThread "Compiler Class File Writer" daemon [_thread_blocked, id=11616, stack(0x000000ae76300000,0x000000ae76400000) (1024K)]
Total: 51

Other Threads:
  0x000002a55e4fa880 VMThread "VM Thread"                           [id=22160, stack(0x000000ae72600000,0x000000ae72700000) (1024K)]
  0x000002a55e4ec0c0 WatcherThread "VM Periodic Task Thread"        [id=17344, stack(0x000000ae72500000,0x000000ae72600000) (1024K)]
  0x000002a5444efed0 WorkerThread "GC Thread#0"                     [id=16560, stack(0x000000ae72400000,0x000000ae72500000) (1024K)]
  0x000002a56478f340 WorkerThread "GC Thread#1"                     [id=22100, stack(0x000000ae73300000,0x000000ae73400000) (1024K)]
  0x000002a56478fbe0 WorkerThread "GC Thread#2"                     [id=23340, stack(0x000000ae73400000,0x000000ae73500000) (1024K)]
  0x000002a5647915c0 WorkerThread "GC Thread#3"                     [id=1884, stack(0x000000ae73500000,0x000000ae73600000) (1024K)]
  0x000002a564790d20 WorkerThread "GC Thread#4"                     [id=19252, stack(0x000000ae73f00000,0x000000ae74000000) (1024K)]
  0x000002a5652da790 WorkerThread "GC Thread#5"                     [id=7912, stack(0x000000ae74400000,0x000000ae74500000) (1024K)]
  0x000002a5652dd700 WorkerThread "GC Thread#6"                     [id=15076, stack(0x000000ae74800000,0x000000ae74900000) (1024K)]
  0x000002a5652dbd20 WorkerThread "GC Thread#7"                     [id=17184, stack(0x000000ae74900000,0x000000ae74a00000) (1024K)]
Total: 10

Threads with active compile tasks:
C2 CompilerThread0  54481 10650   !   4       org.eclipse.jdt.internal.compiler.classfmt.ClassFileReader::<init> (1968 bytes)
Total: 1

VM state: not at safepoint (normal execution)

VM Mutex/Monitor currently owned by a thread: None

Heap address: 0x0000000080000000, size: 2048 MB, Compressed Oops mode: 32-bit

CDS archive(s) mapped at: [0x000000002d000000-0x000000002dde0000-0x000000002dde0000), size 14548992, SharedBaseAddress: 0x000000002d000000, ArchiveRelocationMode: 1.
Compressed class space mapped at: 0x000000002e000000-0x000000006e000000, reserved size: 1073741824
UseCompressedClassPointers 1, UseCompactObjectHeaders 0
Narrow klass pointer bits 32, Max shift 3
Narrow klass base: 0x000000002d000000, Narrow klass shift: 0
Encoding Range: [0x000000002d000000 - 0x000000012d000000), (4294967296 bytes)
Klass Range:    [0x000000002d000000 - 0x000000006e000000), (1090519040 bytes)
Klass ID Range:  [8 - 1090519033) (1090519025)
Protection zone: [0x000000002d000000 - 0x000000002d010000), (65536 bytes)

GC Precious Log:
 CardTable entry size: 512
 CPUs: 8 total, 8 available
 Memory: 15647M
 Large Page Support: Disabled
 NUMA Support: Disabled
 Compressed Oops: Enabled (32-bit)
 Alignments: Space 512K, Heap 2M
 Heap Min Capacity: 100M
 Heap Initial Capacity: 100M
 Heap Max Capacity: 2G
 Pre-touch: Disabled
 Parallel Workers: 8

Heap:
 PSYoungGen      total 128512K, used 58488K [0x00000000d5580000, 0x00000000e1e00000, 0x0000000100000000)
  eden space 51712K, 100% used [0x00000000deb80000,0x00000000e1e00000,0x00000000e1e00000)
  from space 76800K, 8% used [0x00000000da080000,0x00000000da71e380,0x00000000deb80000)
  to   space 76800K, 34% used [0x00000000d5580000,0x00000000d6fb8170,0x00000000da080000)
 ParOldGen       total 206336K, used 206334K [0x0000000080000000, 0x000000008c980000, 0x00000000d5580000)
  object space 206336K, 99% used [0x0000000080000000,0x000000008c97fb40,0x000000008c980000)

Card table byte_map: [0x000002a543fd0000,0x000002a5443d0000] _byte_map_base: 0x000002a543bd0000

Marking Bits: (ParMarkBitMap*) 0x00007ffb1adf7490
 Begin Bits: [0x000002a55c450000, 0x000002a55e450000)

Polling page: 0x000002a542510000

Metaspace:
Metaspace        used 61468K, committed 62656K, reserved 1114112K
 class space     used 6724K, committed 7232K, reserved 1048576K

Usage:
  Non-class:     53.46 MB used.
      Class:      6.57 MB used.
       Both:     60.03 MB used.

Virtual space:
  Non-class space:       64.00 MB reserved,      54.12 MB ( 85%) committed,  1 nodes.
      Class space:        1.00 GB reserved,       7.06 MB ( <1%) committed,  1 nodes.
             Both:        1.06 GB reserved,      61.19 MB (  6%) committed. 

Chunk freelists:
   Non-Class:  9.63 MB
       Class:  8.79 MB
        Both:  18.41 MB

MaxMetaspaceSize: unlimited
CompressedClassSpaceSize: 1.00 GB
Initial GC threshold: 21.00 MB
Current GC threshold: 102.00 MB
CDS: on
 - commit_granule_bytes: 65536.
 - commit_granule_words: 8192.
 - virtual_space_node_default_size: 8388608.
 - enlarge_chunks_in_place: 1.
UseCompressedClassPointers 1, UseCompactObjectHeaders 0
Narrow klass pointer bits 32, Max shift 3
Narrow klass base: 0x000000002d000000, Narrow klass shift: 0
Encoding Range: [0x000000002d000000 - 0x000000012d000000), (4294967296 bytes)
Klass Range:    [0x000000002d000000 - 0x000000006e000000), (1090519040 bytes)
Klass ID Range:  [8 - 1090519033) (1090519025)
Protection zone: [0x000000002d000000 - 0x000000002d010000), (65536 bytes)


Internal statistics:

num_allocs_failed_limit: 11.
num_arena_births: 796.
num_arena_deaths: 18.
num_vsnodes_births: 2.
num_vsnodes_deaths: 0.
num_space_committed: 979.
num_space_uncommitted: 0.
num_chunks_returned_to_freelist: 29.
num_chunks_taken_from_freelist: 3590.
num_chunk_merges: 12.
num_chunk_splits: 2231.
num_chunks_enlarged: 1339.
num_inconsistent_stats: 0.

CodeHeap 'non-profiled nmethods': size=120064Kb used=4236Kb max_used=5250Kb free=115827Kb
 bounds [0x000002a554c60000, 0x000002a555190000, 0x000002a55c1a0000]
CodeHeap 'profiled nmethods': size=120064Kb used=12807Kb max_used=16836Kb free=107257Kb
 bounds [0x000002a54d180000, 0x000002a54e200000, 0x000002a5546c0000]
CodeHeap 'non-nmethods': size=5760Kb used=1518Kb max_used=1636Kb free=4241Kb
 bounds [0x000002a5546c0000, 0x000002a554930000, 0x000002a554c60000]
CodeCache: size=245888Kb, used=18561Kb, max_used=23722Kb, free=227325Kb
 total_blobs=9160, nmethods=8404, adapters=661, full_count=0
Compilation: enabled, stopped_count=0, restarted_count=0

Compilation events (20 events):
Event: 51.606 Thread 0x000002a55e51a120 nmethod 10638 0x000002a55517e908 code [0x000002a55517ea00, 0x000002a55517eb00]
Event: 51.606 Thread 0x000002a55e5593f0 10644   !   2       org.eclipse.jdt.internal.core.search.indexing.IndexManager::indexDocument (31 bytes)
Event: 51.606 Thread 0x000002a55e51a120 10639       4       java.lang.String$$StringConcat/0x000000002e6f2800::concat (114 bytes)
Event: 51.607 Thread 0x000002a55e5593f0 nmethod 10644 0x000002a54e1e7b88 code [0x000002a54e1e7c80, 0x000002a54e1e7e48]
Event: 51.677 Thread 0x000002a55e51a120 nmethod 10639 0x000002a55517ec08 code [0x000002a55517ed00, 0x000002a55517fd50]
Event: 51.678 Thread 0x000002a55e51a120 10640       4       java.lang.String$$StringConcat/0x000000002e6f2800::coder (29 bytes)
Event: 51.681 Thread 0x000002a55e51a120 nmethod 10640 0x000002a55517fd88 code [0x000002a55517fe80, 0x000002a55517ff78]
Event: 51.681 Thread 0x000002a55e51a120 10641       4       java.lang.String$$StringConcat/0x000000002e6f2800::length (24 bytes)
Event: 51.683 Thread 0x000002a55e51a120 nmethod 10641 0x000002a555180088 code [0x000002a555180180, 0x000002a555180348]
Event: 51.724 Thread 0x000002a55e51a120 10645       4       org.eclipse.jdt.internal.compiler.util.JrtFileSystem::getClassfileContent (71 bytes)
Event: 51.725 Thread 0x000002a55e51a120 nmethod 10645 0x000002a555180388 code [0x000002a555180480, 0x000002a555180538]
Event: 52.075 Thread 0x000002a55e5593f0 10646       3       java.text.Format::<init> (5 bytes)
Event: 52.076 Thread 0x000002a55e5593f0 nmethod 10646 0x000002a54e1e7e88 code [0x000002a54e1e7f80, 0x000002a54e1e80d0]
Event: 52.095 Thread 0x000002a55e5593f0 10647       3       org.eclipse.jdt.internal.compiler.classfmt.AnnotationInfo::scanAnnotation (330 bytes)
Event: 52.097 Thread 0x000002a55e5593f0 nmethod 10647 0x000002a54e1e8188 code [0x000002a54e1e8280, 0x000002a54e1e9288]
Event: 52.327 Thread 0x000002a55e5593f0 10648   !   3       org.eclipse.jdt.internal.compiler.classfmt.ClassFileReader::<init> (1968 bytes)
Event: 52.341 Thread 0x000002a55e51a120 10649       4       org.eclipse.jdt.internal.compiler.classfmt.ClassFileStruct::<init> (20 bytes)
Event: 52.342 Thread 0x000002a55e51a120 nmethod 10649 0x000002a555180688 code [0x000002a555180780, 0x000002a555180808]
Event: 52.345 Thread 0x000002a55e5593f0 nmethod 10648 0x000002a54e1e9308 code [0x000002a54e1e9400, 0x000002a54e1f1060]
Event: 52.419 Thread 0x000002a55e51a120 10650   !   4       org.eclipse.jdt.internal.compiler.classfmt.ClassFileReader::<init> (1968 bytes)

GC Heap Usage History (20 events):
Event: 49.113 {heap Before GC invocations=32 (full 3):
 PSYoungGen      total 118272K, used 118265K [0x00000000d5580000, 0x00000000e0a80000, 0x0000000100000000)
  eden space 51200K, 100% used [0x00000000dd880000,0x00000000e0a80000,0x00000000e0a80000)
  from space 67072K, 99% used [0x00000000d9700000,0x00000000dd87e4a8,0x00000000dd880000)
  to   space 67072K, 0% used [0x00000000d5580000,0x00000000d5580000,0x00000000d9700000)
 ParOldGen       total 121344K, used 120932K [0x0000000080000000, 0x0000000087680000, 0x00000000d5580000)
  object space 121344K, 99% used [0x0000000080000000,0x0000000087619048,0x0000000087680000)
}
Event: 49.152 {heap After GC invocations=32 (full 3):
 PSYoungGen      total 131584K, used 67067K [0x00000000d5580000, 0x00000000e2480000, 0x0000000100000000)
  eden space 51200K, 0% used [0x00000000df280000,0x00000000df280000,0x00000000e2480000)
  from space 80384K, 83% used [0x00000000d5580000,0x00000000d96fef00,0x00000000da400000)
  to   space 80384K, 0% used [0x00000000da400000,0x00000000da400000,0x00000000df280000)
 ParOldGen       total 132096K, used 131711K [0x0000000080000000, 0x0000000088100000, 0x00000000d5580000)
  object space 132096K, 99% used [0x0000000080000000,0x000000008809fd18,0x0000000088100000)
}
Event: 49.632 {heap Before GC invocations=33 (full 3):
 PSYoungGen      total 131584K, used 118267K [0x00000000d5580000, 0x00000000e2480000, 0x0000000100000000)
  eden space 51200K, 100% used [0x00000000df280000,0x00000000e2480000,0x00000000e2480000)
  from space 80384K, 83% used [0x00000000d5580000,0x00000000d96fef00,0x00000000da400000)
  to   space 80384K, 0% used [0x00000000da400000,0x00000000da400000,0x00000000df280000)
 ParOldGen       total 132096K, used 131711K [0x0000000080000000, 0x0000000088100000, 0x00000000d5580000)
  object space 132096K, 99% used [0x0000000080000000,0x000000008809fd18,0x0000000088100000)
}
Event: 49.668 {heap After GC invocations=33 (full 3):
 PSYoungGen      total 131584K, used 69269K [0x00000000d5580000, 0x00000000e2480000, 0x0000000100000000)
  eden space 51200K, 0% used [0x00000000df280000,0x00000000df280000,0x00000000e2480000)
  from space 80384K, 86% used [0x00000000da400000,0x00000000de7a5740,0x00000000df280000)
  to   space 80384K, 0% used [0x00000000d5580000,0x00000000d5580000,0x00000000da400000)
 ParOldGen       total 140800K, used 140405K [0x0000000080000000, 0x0000000088980000, 0x00000000d5580000)
  object space 140800K, 99% used [0x0000000080000000,0x000000008891d4a8,0x0000000088980000)
}
Event: 50.120 {heap Before GC invocations=34 (full 3):
 PSYoungGen      total 131584K, used 120469K [0x00000000d5580000, 0x00000000e2480000, 0x0000000100000000)
  eden space 51200K, 100% used [0x00000000df280000,0x00000000e2480000,0x00000000e2480000)
  from space 80384K, 86% used [0x00000000da400000,0x00000000de7a5740,0x00000000df280000)
  to   space 80384K, 0% used [0x00000000d5580000,0x00000000d5580000,0x00000000da400000)
 ParOldGen       total 140800K, used 140405K [0x0000000080000000, 0x0000000088980000, 0x00000000d5580000)
  object space 140800K, 99% used [0x0000000080000000,0x000000008891d4a8,0x0000000088980000)
}
Event: 50.167 {heap After GC invocations=34 (full 3):
 PSYoungGen      total 130048K, used 71109K [0x00000000d5580000, 0x00000000e2180000, 0x0000000100000000)
  eden space 51200K, 0% used [0x00000000def80000,0x00000000def80000,0x00000000e2180000)
  from space 78848K, 90% used [0x00000000d5580000,0x00000000d9af16e8,0x00000000da280000)
  to   space 78848K, 0% used [0x00000000da280000,0x00000000da280000,0x00000000def80000)
 ParOldGen       total 148992K, used 148823K [0x0000000080000000, 0x0000000089180000, 0x00000000d5580000)
  object space 148992K, 99% used [0x0000000080000000,0x0000000089155ff8,0x0000000089180000)
}
Event: 50.519 {heap Before GC invocations=35 (full 3):
 PSYoungGen      total 130048K, used 122309K [0x00000000d5580000, 0x00000000e2180000, 0x0000000100000000)
  eden space 51200K, 100% used [0x00000000def80000,0x00000000e2180000,0x00000000e2180000)
  from space 78848K, 90% used [0x00000000d5580000,0x00000000d9af16e8,0x00000000da280000)
  to   space 78848K, 0% used [0x00000000da280000,0x00000000da280000,0x00000000def80000)
 ParOldGen       total 148992K, used 148823K [0x0000000080000000, 0x0000000089180000, 0x00000000d5580000)
  object space 148992K, 99% used [0x0000000080000000,0x0000000089155ff8,0x0000000089180000)
}
Event: 50.554 {heap After GC invocations=35 (full 3):
 PSYoungGen      total 130048K, used 72418K [0x00000000d5580000, 0x00000000e2180000, 0x0000000100000000)
  eden space 51200K, 0% used [0x00000000def80000,0x00000000def80000,0x00000000e2180000)
  from space 78848K, 91% used [0x00000000da280000,0x00000000de9389c0,0x00000000def80000)
  to   space 78848K, 0% used [0x00000000d5580000,0x00000000d5580000,0x00000000da280000)
 ParOldGen       total 157696K, used 157658K [0x0000000080000000, 0x0000000089a00000, 0x00000000d5580000)
  object space 157696K, 99% used [0x0000000080000000,0x00000000899f6930,0x0000000089a00000)
}
Event: 50.914 {heap Before GC invocations=36 (full 3):
 PSYoungGen      total 130048K, used 123618K [0x00000000d5580000, 0x00000000e2180000, 0x0000000100000000)
  eden space 51200K, 100% used [0x00000000def80000,0x00000000e2180000,0x00000000e2180000)
  from space 78848K, 91% used [0x00000000da280000,0x00000000de9389c0,0x00000000def80000)
  to   space 78848K, 0% used [0x00000000d5580000,0x00000000d5580000,0x00000000da280000)
 ParOldGen       total 157696K, used 157658K [0x0000000080000000, 0x0000000089a00000, 0x00000000d5580000)
  object space 157696K, 99% used [0x0000000080000000,0x00000000899f6930,0x0000000089a00000)
}
Event: 50.943 {heap After GC invocations=36 (full 3):
 PSYoungGen      total 129024K, used 72674K [0x00000000d5580000, 0x00000000e1f80000, 0x0000000100000000)
  eden space 51200K, 0% used [0x00000000ded80000,0x00000000ded80000,0x00000000e1f80000)
  from space 77824K, 93% used [0x00000000d5580000,0x00000000d9c78860,0x00000000da180000)
  to   space 77824K, 0% used [0x00000000da180000,0x00000000da180000,0x00000000ded80000)
 ParOldGen       total 167424K, used 166919K [0x0000000080000000, 0x000000008a380000, 0x00000000d5580000)
  object space 167424K, 99% used [0x0000000080000000,0x000000008a301d20,0x000000008a380000)
}
Event: 51.241 {heap Before GC invocations=37 (full 3):
 PSYoungGen      total 129024K, used 123874K [0x00000000d5580000, 0x00000000e1f80000, 0x0000000100000000)
  eden space 51200K, 100% used [0x00000000ded80000,0x00000000e1f80000,0x00000000e1f80000)
  from space 77824K, 93% used [0x00000000d5580000,0x00000000d9c78860,0x00000000da180000)
  to   space 77824K, 0% used [0x00000000da180000,0x00000000da180000,0x00000000ded80000)
 ParOldGen       total 167424K, used 166919K [0x0000000080000000, 0x000000008a380000, 0x00000000d5580000)
  object space 167424K, 99% used [0x0000000080000000,0x000000008a301d20,0x000000008a380000)
}
Event: 51.283 {heap After GC invocations=37 (full 3):
 PSYoungGen      total 129024K, used 73114K [0x00000000d5580000, 0x00000000e1f80000, 0x0000000100000000)
  eden space 51200K, 0% used [0x00000000ded80000,0x00000000ded80000,0x00000000e1f80000)
  from space 77824K, 93% used [0x00000000da180000,0x00000000de8e6a18,0x00000000ded80000)
  to   space 77824K, 0% used [0x00000000d5580000,0x00000000d5580000,0x00000000da180000)
 ParOldGen       total 176640K, used 176164K [0x0000000080000000, 0x000000008ac80000, 0x00000000d5580000)
  object space 176640K, 99% used [0x0000000080000000,0x000000008ac091e0,0x000000008ac80000)
}
Event: 51.734 {heap Before GC invocations=38 (full 3):
 PSYoungGen      total 129024K, used 124314K [0x00000000d5580000, 0x00000000e1f80000, 0x0000000100000000)
  eden space 51200K, 100% used [0x00000000ded80000,0x00000000e1f80000,0x00000000e1f80000)
  from space 77824K, 93% used [0x00000000da180000,0x00000000de8e6a18,0x00000000ded80000)
  to   space 77824K, 0% used [0x00000000d5580000,0x00000000d5580000,0x00000000da180000)
 ParOldGen       total 176640K, used 176164K [0x0000000080000000, 0x000000008ac80000, 0x00000000d5580000)
  object space 176640K, 99% used [0x0000000080000000,0x000000008ac091e0,0x000000008ac80000)
}
Event: 51.773 {heap After GC invocations=38 (full 3):
 PSYoungGen      total 128000K, used 70779K [0x00000000d5580000, 0x00000000e1d80000, 0x0000000100000000)
  eden space 51200K, 0% used [0x00000000deb80000,0x00000000deb80000,0x00000000e1d80000)
  from space 76800K, 92% used [0x00000000d5580000,0x00000000d9a9efc0,0x00000000da080000)
  to   space 76800K, 0% used [0x00000000da080000,0x00000000da080000,0x00000000deb80000)
 ParOldGen       total 188928K, used 188584K [0x0000000080000000, 0x000000008b880000, 0x00000000d5580000)
  object space 188928K, 99% used [0x0000000080000000,0x000000008b82a260,0x000000008b880000)
}
Event: 52.163 {heap Before GC invocations=39 (full 3):
 PSYoungGen      total 128000K, used 121979K [0x00000000d5580000, 0x00000000e1d80000, 0x0000000100000000)
  eden space 51200K, 100% used [0x00000000deb80000,0x00000000e1d80000,0x00000000e1d80000)
  from space 76800K, 92% used [0x00000000d5580000,0x00000000d9a9efc0,0x00000000da080000)
  to   space 76800K, 0% used [0x00000000da080000,0x00000000da080000,0x00000000deb80000)
 ParOldGen       total 188928K, used 188584K [0x0000000080000000, 0x000000008b880000, 0x00000000d5580000)
  object space 188928K, 99% used [0x0000000080000000,0x000000008b82a260,0x000000008b880000)
}
Event: 52.198 {heap After GC invocations=39 (full 3):
 PSYoungGen      total 128000K, used 71708K [0x00000000d5580000, 0x00000000e1d80000, 0x0000000100000000)
  eden space 51200K, 0% used [0x00000000deb80000,0x00000000deb80000,0x00000000e1d80000)
  from space 76800K, 93% used [0x00000000da080000,0x00000000de687268,0x00000000deb80000)
  to   space 76800K, 0% used [0x00000000d5580000,0x00000000d5580000,0x00000000da080000)
 ParOldGen       total 198144K, used 197834K [0x0000000080000000, 0x000000008c180000, 0x00000000d5580000)
  object space 198144K, 99% used [0x0000000080000000,0x000000008c132a78,0x000000008c180000)
}
Event: 52.613 {heap Before GC invocations=40 (full 3):
 PSYoungGen      total 128000K, used 122908K [0x00000000d5580000, 0x00000000e1d80000, 0x0000000100000000)
  eden space 51200K, 100% used [0x00000000deb80000,0x00000000e1d80000,0x00000000e1d80000)
  from space 76800K, 93% used [0x00000000da080000,0x00000000de687268,0x00000000deb80000)
  to   space 76800K, 0% used [0x00000000d5580000,0x00000000d5580000,0x00000000da080000)
 ParOldGen       total 198144K, used 197834K [0x0000000080000000, 0x000000008c180000, 0x00000000d5580000)
  object space 198144K, 99% used [0x0000000080000000,0x000000008c132a78,0x000000008c180000)
}
Event: 52.756 {heap After GC invocations=40 (full 3):
 PSYoungGen      total 128000K, used 122908K [0x00000000d5580000, 0x00000000e1d80000, 0x0000000100000000)
  eden space 51200K, 100% used [0x00000000deb80000,0x00000000e1d80000,0x00000000e1d80000)
  from space 76800K, 93% used [0x00000000da080000,0x00000000de687268,0x00000000deb80000)
  to   space 76800K, 92% used [0x00000000d5580000,0x00000000d9b23dd8,0x00000000da080000)
 ParOldGen       total 206336K, used 205866K [0x0000000080000000, 0x000000008c980000, 0x00000000d5580000)
  object space 206336K, 99% used [0x0000000080000000,0x000000008c90a9f8,0x000000008c980000)
}
Event: 52.756 {heap Before GC invocations=41 (full 4):
 PSYoungGen      total 128000K, used 122908K [0x00000000d5580000, 0x00000000e1d80000, 0x0000000100000000)
  eden space 51200K, 100% used [0x00000000deb80000,0x00000000e1d80000,0x00000000e1d80000)
  from space 76800K, 93% used [0x00000000da080000,0x00000000de687268,0x00000000deb80000)
  to   space 76800K, 92% used [0x00000000d5580000,0x00000000d9b23dd8,0x00000000da080000)
 ParOldGen       total 206336K, used 205866K [0x0000000080000000, 0x000000008c980000, 0x00000000d5580000)
  object space 206336K, 99% used [0x0000000080000000,0x000000008c90a9f8,0x000000008c980000)
}
Event: 53.002 {heap After GC invocations=41 (full 4):
 PSYoungGen      total 128000K, used 0K [0x00000000d5580000, 0x00000000e1d80000, 0x0000000100000000)
  eden space 51200K, 0% used [0x00000000deb80000,0x00000000deb80000,0x00000000e1d80000)
  from space 76800K, 0% used [0x00000000da080000,0x00000000da080000,0x00000000deb80000)
  to   space 76800K, 79% used [0x00000000d5580000,0x00000000d91526d0,0x00000000da080000)
 ParOldGen       total 206336K, used 206334K [0x0000000080000000, 0x000000008c980000, 0x00000000d5580000)
  object space 206336K, 99% used [0x0000000080000000,0x000000008c97f9f0,0x000000008c980000)
}

Metaspace Usage History (20 events):
Event: 49.113 {metaspace Before GC invocations=32 (full 3):
 Metaspace       used 61460K, committed 62656K, reserved 1114112K
  class space    used 6724K, committed 7232K, reserved 1048576K
}
Event: 49.152 {metaspace After GC invocations=32 (full 3):
 Metaspace       used 61460K, committed 62656K, reserved 1114112K
  class space    used 6724K, committed 7232K, reserved 1048576K
}
Event: 49.632 {metaspace Before GC invocations=33 (full 3):
 Metaspace       used 61465K, committed 62656K, reserved 1114112K
  class space    used 6724K, committed 7232K, reserved 1048576K
}
Event: 49.668 {metaspace After GC invocations=33 (full 3):
 Metaspace       used 61465K, committed 62656K, reserved 1114112K
  class space    used 6724K, committed 7232K, reserved 1048576K
}
Event: 50.120 {metaspace Before GC invocations=34 (full 3):
 Metaspace       used 61465K, committed 62656K, reserved 1114112K
  class space    used 6724K, committed 7232K, reserved 1048576K
}
Event: 50.167 {metaspace After GC invocations=34 (full 3):
 Metaspace       used 61465K, committed 62656K, reserved 1114112K
  class space    used 6724K, committed 7232K, reserved 1048576K
}
Event: 50.519 {metaspace Before GC invocations=35 (full 3):
 Metaspace       used 61466K, committed 62656K, reserved 1114112K
  class space    used 6724K, committed 7232K, reserved 1048576K
}
Event: 50.554 {metaspace After GC invocations=35 (full 3):
 Metaspace       used 61466K, committed 62656K, reserved 1114112K
  class space    used 6724K, committed 7232K, reserved 1048576K
}
Event: 50.914 {metaspace Before GC invocations=36 (full 3):
 Metaspace       used 61466K, committed 62656K, reserved 1114112K
  class space    used 6724K, committed 7232K, reserved 1048576K
}
Event: 50.944 {metaspace After GC invocations=36 (full 3):
 Metaspace       used 61466K, committed 62656K, reserved 1114112K
  class space    used 6724K, committed 7232K, reserved 1048576K
}
Event: 51.241 {metaspace Before GC invocations=37 (full 3):
 Metaspace       used 61466K, committed 62656K, reserved 1114112K
  class space    used 6724K, committed 7232K, reserved 1048576K
}
Event: 51.283 {metaspace After GC invocations=37 (full 3):
 Metaspace       used 61466K, committed 62656K, reserved 1114112K
  class space    used 6724K, committed 7232K, reserved 1048576K
}
Event: 51.734 {metaspace Before GC invocations=38 (full 3):
 Metaspace       used 61466K, committed 62656K, reserved 1114112K
  class space    used 6724K, committed 7232K, reserved 1048576K
}
Event: 51.773 {metaspace After GC invocations=38 (full 3):
 Metaspace       used 61466K, committed 62656K, reserved 1114112K
  class space    used 6724K, committed 7232K, reserved 1048576K
}
Event: 52.163 {metaspace Before GC invocations=39 (full 3):
 Metaspace       used 61466K, committed 62656K, reserved 1114112K
  class space    used 6724K, committed 7232K, reserved 1048576K
}
Event: 52.198 {metaspace After GC invocations=39 (full 3):
 Metaspace       used 61466K, committed 62656K, reserved 1114112K
  class space    used 6724K, committed 7232K, reserved 1048576K
}
Event: 52.613 {metaspace Before GC invocations=40 (full 3):
 Metaspace       used 61468K, committed 62656K, reserved 1114112K
  class space    used 6724K, committed 7232K, reserved 1048576K
}
Event: 52.756 {metaspace After GC invocations=40 (full 3):
 Metaspace       used 61468K, committed 62656K, reserved 1114112K
  class space    used 6724K, committed 7232K, reserved 1048576K
}
Event: 52.756 {metaspace Before GC invocations=41 (full 4):
 Metaspace       used 61468K, committed 62656K, reserved 1114112K
  class space    used 6724K, committed 7232K, reserved 1048576K
}
Event: 53.002 {metaspace After GC invocations=41 (full 4):
 Metaspace       used 61468K, committed 62656K, reserved 1114112K
  class space    used 6724K, committed 7232K, reserved 1048576K
}

Dll operation events (20 events):
Event: 0.299 Attempting to load shared library C:\Users\ASUS\Downloads\jdk-26_windows-x64_bin\jdk-26.0.2\bin\instrument.dll
Event: 0.299 Loaded shared library C:\Users\ASUS\Downloads\jdk-26_windows-x64_bin\jdk-26.0.2\bin\instrument.dll
Event: 0.313 Attempting to load shared library C:\Users\ASUS\Downloads\jdk-26_windows-x64_bin\jdk-26.0.2\bin\net.dll
Event: 0.313 Loaded shared library C:\Users\ASUS\Downloads\jdk-26_windows-x64_bin\jdk-26.0.2\bin\net.dll
Event: 0.317 Attempting to load shared library C:\Users\ASUS\Downloads\jdk-26_windows-x64_bin\jdk-26.0.2\bin\nio.dll
Event: 0.317 Loaded shared library C:\Users\ASUS\Downloads\jdk-26_windows-x64_bin\jdk-26.0.2\bin\nio.dll
Event: 0.325 Attempting to load shared library C:\Users\ASUS\Downloads\jdk-26_windows-x64_bin\jdk-26.0.2\bin\zip.dll
Event: 0.325 Loaded shared library C:\Users\ASUS\Downloads\jdk-26_windows-x64_bin\jdk-26.0.2\bin\zip.dll
Event: 0.377 Attempting to load shared library C:\Users\ASUS\Downloads\jdk-26_windows-x64_bin\jdk-26.0.2\bin\jimage.dll
Event: 0.377 Loaded shared library C:\Users\ASUS\Downloads\jdk-26_windows-x64_bin\jdk-26.0.2\bin\jimage.dll
Event: 0.574 Attempting to load shared library C:\Users\ASUS\Downloads\jdk-26_windows-x64_bin\jdk-26.0.2\bin\verify.dll
Event: 0.575 Loaded shared library C:\Users\ASUS\Downloads\jdk-26_windows-x64_bin\jdk-26.0.2\bin\verify.dll
Event: 3.953 Attempting to load shared library C:\Users\ASUS\AppData\Roaming\Code\User\globalStorage\redhat.java\1.56.0\config_win\org.eclipse.equinox.launcher\org.eclipse.equinox.launcher.win32.win32.x86_64_1.3.100.v20260804-1928\eclipse_11924.dll
Event: 3.954 Loaded shared library C:\Users\ASUS\AppData\Roaming\Code\User\globalStorage\redhat.java\1.56.0\config_win\org.eclipse.equinox.launcher\org.eclipse.equinox.launcher.win32.win32.x86_64_1.3.100.v20260804-1928\eclipse_11924.dll
Event: 7.194 Attempting to load shared library C:\Users\ASUS\Downloads\jdk-26_windows-x64_bin\jdk-26.0.2\bin\management.dll
Event: 7.194 Loaded shared library C:\Users\ASUS\Downloads\jdk-26_windows-x64_bin\jdk-26.0.2\bin\management.dll
Event: 7.198 Attempting to load shared library C:\Users\ASUS\Downloads\jdk-26_windows-x64_bin\jdk-26.0.2\bin\management_ext.dll
Event: 7.199 Loaded shared library C:\Users\ASUS\Downloads\jdk-26_windows-x64_bin\jdk-26.0.2\bin\management_ext.dll
Event: 10.761 Attempting to load shared library C:\Users\ASUS\AppData\Local\Temp\jna-79765887\jna14260589113037070979.dll
Event: 10.906 Loaded shared library C:\Users\ASUS\AppData\Local\Temp\jna-79765887\jna14260589113037070979.dll

Deoptimization events (20 events):
Event: 52.419 Thread 0x000002a5642a3e20 DEOPT PACKING pc=0x000002a54e1ef4c2 sp=0x000000ae74cfecb0
Event: 52.419 Thread 0x000002a5642a3e20 DEOPT UNPACKING pc=0x000002a554711a02 sp=0x000000ae74cfe228 mode 0
Event: 52.450 Thread 0x000002a5642a3e20 DEOPT PACKING pc=0x000002a54e1ef4c2 sp=0x000000ae74cfecb0
Event: 52.450 Thread 0x000002a5642a3e20 DEOPT UNPACKING pc=0x000002a554711a02 sp=0x000000ae74cfe228 mode 0
Event: 52.465 Thread 0x000002a5642a3e20 DEOPT PACKING pc=0x000002a54e1ef4c2 sp=0x000000ae74cfecb0
Event: 52.465 Thread 0x000002a5642a3e20 DEOPT UNPACKING pc=0x000002a554711a02 sp=0x000000ae74cfe228 mode 0
Event: 52.508 Thread 0x000002a5642a3e20 DEOPT PACKING pc=0x000002a54e1ef4c2 sp=0x000000ae74cfecb0
Event: 52.508 Thread 0x000002a5642a3e20 DEOPT UNPACKING pc=0x000002a554711a02 sp=0x000000ae74cfe228 mode 0
Event: 52.523 Thread 0x000002a5642a3e20 DEOPT PACKING pc=0x000002a54e1ef4c2 sp=0x000000ae74cfecb0
Event: 52.523 Thread 0x000002a5642a3e20 DEOPT UNPACKING pc=0x000002a554711a02 sp=0x000000ae74cfe228 mode 0
Event: 52.538 Thread 0x000002a5642a3e20 DEOPT PACKING pc=0x000002a54e1ef4c2 sp=0x000000ae74cfecb0
Event: 52.538 Thread 0x000002a5642a3e20 DEOPT UNPACKING pc=0x000002a554711a02 sp=0x000000ae74cfe228 mode 0
Event: 52.557 Thread 0x000002a5642a3e20 DEOPT PACKING pc=0x000002a54e1ef4c2 sp=0x000000ae74cfecb0
Event: 52.557 Thread 0x000002a5642a3e20 DEOPT UNPACKING pc=0x000002a554711a02 sp=0x000000ae74cfe228 mode 0
Event: 52.574 Thread 0x000002a5642a3e20 DEOPT PACKING pc=0x000002a54e1ef4c2 sp=0x000000ae74cfecb0
Event: 52.574 Thread 0x000002a5642a3e20 DEOPT UNPACKING pc=0x000002a554711a02 sp=0x000000ae74cfe228 mode 0
Event: 52.595 Thread 0x000002a5642a3e20 DEOPT PACKING pc=0x000002a54e1ef4c2 sp=0x000000ae74cfecb0
Event: 52.595 Thread 0x000002a5642a3e20 DEOPT UNPACKING pc=0x000002a554711a02 sp=0x000000ae74cfe228 mode 0
Event: 53.004 Thread 0x000002a5642a3e20 DEOPT PACKING pc=0x000002a54e1ef4c2 sp=0x000000ae74cfecb0
Event: 53.004 Thread 0x000002a5642a3e20 DEOPT UNPACKING pc=0x000002a554711a02 sp=0x000000ae74cfe228 mode 0

Classes loaded (20 events):
Event: 34.416 Loading class java/util/stream/ReferencePipeline$4$1
Event: 34.423 Loading class java/util/stream/ReferencePipeline$4$1 done
Event: 34.994 Loading class java/util/DualPivotQuicksort$SortOperation
Event: 34.994 Loading class java/util/DualPivotQuicksort$SortOperation done
Event: 35.610 Loading class java/util/concurrent/CompletableFuture$UniApply
Event: 35.618 Loading class java/util/concurrent/CompletableFuture$UniCompletion
Event: 35.619 Loading class java/util/concurrent/CompletableFuture$UniCompletion done
Event: 35.619 Loading class java/util/concurrent/CompletableFuture$UniApply done
Event: 35.727 Loading class java/util/concurrent/CompletableFuture$UniAccept
Event: 35.748 Loading class java/util/concurrent/CompletableFuture$UniAccept done
Event: 35.748 Loading class java/util/concurrent/CompletableFuture$UniExceptionally
Event: 35.749 Loading class java/util/concurrent/CompletableFuture$UniExceptionally done
Event: 36.025 Loading class java/nio/file/Files$2
Event: 36.025 Loading class java/nio/file/Files$2 done
Event: 36.043 Loading class java/util/concurrent/ArrayBlockingQueue
Event: 36.043 Loading class java/util/concurrent/ArrayBlockingQueue done
Event: 36.060 Loading class java/util/concurrent/ConcurrentHashMap$KeySpliterator
Event: 36.060 Loading class java/util/concurrent/ConcurrentHashMap$KeySpliterator done
Event: 37.464 Loading class java/util/ArrayDeque$DeqSpliterator
Event: 37.465 Loading class java/util/ArrayDeque$DeqSpliterator done

Classes unloaded (9 events):
Event: 9.009 Thread 0x000002a55e4fa880 Unloading class 0x000000002e19e400 'java/lang/invoke/LambdaForm$MH+0x000000002e19e400'
Event: 9.009 Thread 0x000002a55e4fa880 Unloading class 0x000000002e19e000 'java/lang/invoke/LambdaForm$MH+0x000000002e19e000'
Event: 9.009 Thread 0x000002a55e4fa880 Unloading class 0x000000002e19dc00 'java/lang/invoke/LambdaForm$MH+0x000000002e19dc00'
Event: 9.009 Thread 0x000002a55e4fa880 Unloading class 0x000000002e19d800 'java/lang/invoke/LambdaForm$MH+0x000000002e19d800'
Event: 9.009 Thread 0x000002a55e4fa880 Unloading class 0x000000002e19d400 'java/lang/invoke/LambdaForm$BMH+0x000000002e19d400'
Event: 9.009 Thread 0x000002a55e4fa880 Unloading class 0x000000002e19d000 'java/lang/invoke/LambdaForm$DMH+0x000000002e19d000'
Event: 9.009 Thread 0x000002a55e4fa880 Unloading class 0x000000002e19bc00 'java/lang/invoke/LambdaForm$DMH+0x000000002e19bc00'
Event: 11.516 Thread 0x000002a55e4fa880 Unloading class 0x000000002e2dd400 'java/lang/invoke/LambdaForm$DMH+0x000000002e2dd400'
Event: 11.516 Thread 0x000002a55e4fa880 Unloading class 0x000000002e2dc800 'java/lang/invoke/LambdaForm$MH+0x000000002e2dc800'

Classes redefined (0 events):
No events

Internal exceptions (20 events):
Event: 36.082 Thread 0x000002a56617dca0 Exception <a 'java/lang/NoSuchMethodError'{0x00000000d8bfdc58}: 'java.lang.Object java.lang.invoke.DirectMethodHandle$Holder.newInvokeSpecial(java.lang.Object, java.lang.Object, int, int, java.lang.Object)'> (0x00000000d8bfdc58) 
thrown [s\open\src\hotspot\share\interpreter\linkResolver.cpp, line 804]
Event: 36.211 Thread 0x000002a5642c7000 Exception <a 'java/lang/NoSuchMethodError'{0x00000000d8f59660}: 'java.lang.Object java.lang.invoke.DirectMethodHandle$Holder.invokeStatic(java.lang.Object, java.lang.Object, int, java.lang.Object, java.lang.Object)'> (0x00000000d8f59660) 
thrown [s\open\src\hotspot\share\interpreter\linkResolver.cpp, line 804]
Event: 36.214 Thread 0x000002a56603f0b0 Exception <a 'java/lang/IncompatibleClassChangeError'{0x00000000d8f66fc0}: Found class java.lang.Object, but interface was expected> (0x00000000d8f66fc0) 
thrown [s\open\src\hotspot\share\interpreter\linkResolver.cpp, line 871]
Event: 36.403 Thread 0x000002a5642c7000 Exception <a 'java/lang/NoSuchMethodError'{0x00000000d958f920}: 'java.lang.Object java.lang.invoke.DirectMethodHandle$Holder.invokeStatic(java.lang.Object, java.lang.Object, int, java.lang.Object)'> (0x00000000d958f920) 
thrown [s\open\src\hotspot\share\interpreter\linkResolver.cpp, line 804]
Event: 36.408 Thread 0x000002a5642c7000 Exception <a 'java/lang/NoSuchMethodError'{0x00000000d9768188}: 'java.lang.Object java.lang.invoke.DirectMethodHandle$Holder.newInvokeSpecial(java.lang.Object, java.lang.Object, int)'> (0x00000000d9768188) 
thrown [s\open\src\hotspot\share\interpreter\linkResolver.cpp, line 804]
Event: 36.741 Thread 0x000002a5642c7000 Implicit null exception at 0x000002a5550707f1 to 0x000002a555071d00
Event: 38.470 Thread 0x000002a56617dca0 Exception <a 'sun/nio/fs/WindowsException'{0x00000000da196a58}> (0x00000000da196a58) 
thrown [s\open\src\hotspot\share\prims\jni.cpp, line 514]
Event: 38.495 Thread 0x000002a56617dca0 Exception <a 'sun/nio/fs/WindowsException'{0x00000000da1971b8}> (0x00000000da1971b8) 
thrown [s\open\src\hotspot\share\prims\jni.cpp, line 514]
Event: 38.860 Thread 0x000002a56603c9a0 Exception <a 'sun/nio/fs/WindowsException'{0x00000000da93e148}> (0x00000000da93e148) 
thrown [s\open\src\hotspot\share\prims\jni.cpp, line 514]
Event: 38.860 Thread 0x000002a56603c9a0 Exception <a 'sun/nio/fs/WindowsException'{0x00000000da93e888}> (0x00000000da93e888) 
thrown [s\open\src\hotspot\share\prims\jni.cpp, line 514]
Event: 38.863 Thread 0x000002a56603c9a0 Exception <a 'sun/nio/fs/WindowsException'{0x00000000da93f7c0}> (0x00000000da93f7c0) 
thrown [s\open\src\hotspot\share\prims\jni.cpp, line 514]
Event: 38.863 Thread 0x000002a56603c9a0 Exception <a 'sun/nio/fs/WindowsException'{0x00000000da93ff00}> (0x00000000da93ff00) 
thrown [s\open\src\hotspot\share\prims\jni.cpp, line 514]
Event: 38.881 Thread 0x000002a56603c9a0 Exception <a 'java/io/FileNotFoundException'{0x00000000da962ae8}> (0x00000000da962ae8) 
thrown [s\open\src\hotspot\share\prims\jni.cpp, line 514]
Event: 38.881 Thread 0x000002a56603c9a0 Exception <a 'java/io/FileNotFoundException'{0x00000000da963860}> (0x00000000da963860) 
thrown [s\open\src\hotspot\share\prims\jni.cpp, line 514]
Event: 38.901 Thread 0x000002a56603c9a0 Exception <a 'sun/nio/fs/WindowsException'{0x00000000da9a1280}> (0x00000000da9a1280) 
thrown [s\open\src\hotspot\share\prims\jni.cpp, line 514]
Event: 38.901 Thread 0x000002a56603c9a0 Exception <a 'sun/nio/fs/WindowsException'{0x00000000da9a19c0}> (0x00000000da9a19c0) 
thrown [s\open\src\hotspot\share\prims\jni.cpp, line 514]
Event: 38.903 Thread 0x000002a56603c9a0 Exception <a 'sun/nio/fs/WindowsException'{0x00000000da9a28d0}> (0x00000000da9a28d0) 
thrown [s\open\src\hotspot\share\prims\jni.cpp, line 514]
Event: 38.904 Thread 0x000002a56603c9a0 Exception <a 'sun/nio/fs/WindowsException'{0x00000000da9a3010}> (0x00000000da9a3010) 
thrown [s\open\src\hotspot\share\prims\jni.cpp, line 514]
Event: 39.650 Thread 0x000002a5642a3e20 Implicit null exception at 0x000002a555049339 to 0x000002a55504950c
Event: 42.707 Thread 0x000002a5642a3e20 Implicit null exception at 0x000002a555122f74 to 0x000002a555129324

VM Operations (20 events):
Event: 48.270 Executing safepoint VM operation: ParallelCollectForAllocation (Allocation Failure)
Event: 48.303 Executing safepoint VM operation: ParallelCollectForAllocation (Allocation Failure) done
Event: 49.113 Executing safepoint VM operation: ParallelCollectForAllocation (Allocation Failure)
Event: 49.152 Executing safepoint VM operation: ParallelCollectForAllocation (Allocation Failure) done
Event: 49.632 Executing safepoint VM operation: ParallelCollectForAllocation (Allocation Failure)
Event: 49.669 Executing safepoint VM operation: ParallelCollectForAllocation (Allocation Failure) done
Event: 50.120 Executing safepoint VM operation: ParallelCollectForAllocation (Allocation Failure)
Event: 50.167 Executing safepoint VM operation: ParallelCollectForAllocation (Allocation Failure) done
Event: 50.519 Executing safepoint VM operation: ParallelCollectForAllocation (Allocation Failure)
Event: 50.554 Executing safepoint VM operation: ParallelCollectForAllocation (Allocation Failure) done
Event: 50.914 Executing safepoint VM operation: ParallelCollectForAllocation (Allocation Failure)
Event: 50.944 Executing safepoint VM operation: ParallelCollectForAllocation (Allocation Failure) done
Event: 51.241 Executing safepoint VM operation: ParallelCollectForAllocation (Allocation Failure)
Event: 51.283 Executing safepoint VM operation: ParallelCollectForAllocation (Allocation Failure) done
Event: 51.734 Executing safepoint VM operation: ParallelCollectForAllocation (Allocation Failure)
Event: 51.773 Executing safepoint VM operation: ParallelCollectForAllocation (Allocation Failure) done
Event: 52.163 Executing safepoint VM operation: ParallelCollectForAllocation (Allocation Failure)
Event: 52.198 Executing safepoint VM operation: ParallelCollectForAllocation (Allocation Failure) done
Event: 52.613 Executing safepoint VM operation: ParallelCollectForAllocation (Allocation Failure)
Event: 53.003 Executing safepoint VM operation: ParallelCollectForAllocation (Allocation Failure) done

Memory protections (0 events):
No events

Nmethod flushes (20 events):
Event: 52.832 Thread 0x000002a55e4fa880 flushing  nmethod 0x000002a54d8d5808
Event: 52.832 Thread 0x000002a55e4fa880 flushing  nmethod 0x000002a54d8d6f08
Event: 52.832 Thread 0x000002a55e4fa880 flushing  nmethod 0x000002a54d93ce08
Event: 52.832 Thread 0x000002a55e4fa880 flushing  nmethod 0x000002a54d93d188
Event: 52.832 Thread 0x000002a55e4fa880 flushing  nmethod 0x000002a54d940e08
Event: 52.832 Thread 0x000002a55e4fa880 flushing  nmethod 0x000002a54d95eb88
Event: 52.832 Thread 0x000002a55e4fa880 flushing  nmethod 0x000002a54d95f588
Event: 52.832 Thread 0x000002a55e4fa880 flushing  nmethod 0x000002a54d95fd08
Event: 52.832 Thread 0x000002a55e4fa880 flushing  nmethod 0x000002a54d98ca08
Event: 52.832 Thread 0x000002a55e4fa880 flushing  nmethod 0x000002a54da5aa88
Event: 52.832 Thread 0x000002a55e4fa880 flushing  nmethod 0x000002a54dafc008
Event: 52.832 Thread 0x000002a55e4fa880 flushing  nmethod 0x000002a54db27208
Event: 52.832 Thread 0x000002a55e4fa880 flushing  nmethod 0x000002a54db2cb88
Event: 52.832 Thread 0x000002a55e4fa880 flushing  nmethod 0x000002a54dba7d08
Event: 52.832 Thread 0x000002a55e4fa880 flushing  nmethod 0x000002a54dc68288
Event: 52.832 Thread 0x000002a55e4fa880 flushing  nmethod 0x000002a54dc68608
Event: 52.832 Thread 0x000002a55e4fa880 flushing  nmethod 0x000002a54dc68908
Event: 52.832 Thread 0x000002a55e4fa880 flushing  nmethod 0x000002a54dc9a308
Event: 52.832 Thread 0x000002a55e4fa880 flushing  nmethod 0x000002a54dcab408
Event: 52.832 Thread 0x000002a55e4fa880 flushing  nmethod 0x000002a54de8cc88

Events (20 events):
Event: 36.044 Thread 0x000002a56617dca0 Thread added: 0x000002a5642c7000
Event: 36.097 Thread 0x000002a56617dca0 Thread added: 0x000002a564febd50
Event: 36.116 Thread 0x000002a56617dca0 Thread added: 0x000002a569fdca20
Event: 36.116 Thread 0x000002a56617dca0 Thread added: 0x000002a569fdd9c0
Event: 36.116 Thread 0x000002a56617dca0 Thread added: 0x000002a569fdaae0
Event: 36.217 Thread 0x000002a56603f0b0 Thread added: 0x000002a569fda310
Event: 36.224 Thread 0x000002a56617e470 Thread added: 0x000002a569fe00d0
Event: 36.261 Thread 0x000002a56603f0b0 Thread added: 0x000002a569fde960
Event: 36.275 Thread 0x000002a569fde960 Thread added: 0x000002a569fe1070
Event: 36.283 Thread 0x000002a569fe1070 Thread added: 0x000002a569fe1840
Event: 36.618 Thread 0x000002a56617dca0 Thread added: 0x000002a56a52deb0
Event: 36.854 Thread 0x000002a56617dca0 Thread added: 0x000002a56a52fdf0
Event: 38.622 Thread 0x000002a569f2fd50 Thread exited: 0x000002a569f2fd50
Event: 39.137 Thread 0x000002a569f31580 Thread exited: 0x000002a569f31580
Event: 39.592 Thread 0x000002a55e5593f0 Thread added: 0x000002a564432150
Event: 39.761 Thread 0x000002a55e5593f0 Thread added: 0x000002a569ccbb30
Event: 40.679 Thread 0x000002a569ccbb30 Thread exited: 0x000002a569ccbb30
Event: 41.084 Thread 0x000002a55e51a120 Thread added: 0x000002a564432960
Event: 44.627 Thread 0x000002a564432960 Thread exited: 0x000002a564432960
Event: 45.371 Thread 0x000002a564432150 Thread exited: 0x000002a564432150


Dynamic libraries:
0x00007ff795920000 - 0x00007ff795930000 	C:\Users\ASUS\Downloads\jdk-26_windows-x64_bin\jdk-26.0.2\bin\java.exe
0x00007ffb73680000 - 0x00007ffb738e7000 	C:\Windows\SYSTEM32\ntdll.dll
0x00007ffb72220000 - 0x00007ffb722eb000 	C:\Windows\System32\KERNEL32.DLL
0x00007ffb70c00000 - 0x00007ffb71002000 	C:\Windows\System32\KERNELBASE.dll
0x00007ffb710a0000 - 0x00007ffb711ec000 	C:\Windows\System32\ucrtbase.dll
0x00007ffb61df0000 - 0x00007ffb61e07000 	C:\Users\ASUS\Downloads\jdk-26_windows-x64_bin\jdk-26.0.2\bin\jli.dll
0x00007ffb61dd0000 - 0x00007ffb61dee000 	C:\Users\ASUS\Downloads\jdk-26_windows-x64_bin\jdk-26.0.2\bin\VCRUNTIME140.dll
0x00007ffb73460000 - 0x00007ffb7362f000 	C:\Windows\System32\USER32.dll
0x00007ffb71200000 - 0x00007ffb71227000 	C:\Windows\System32\win32u.dll
0x00007ffb5b5a0000 - 0x00007ffb5b830000 	C:\Windows\WinSxS\amd64_microsoft.windows.common-controls_6595b64144ccf1df_6.0.26100.9278_none_3e0d1ba8e3303201\COMCTL32.dll
0x00007ffb71990000 - 0x00007ffb719bb000 	C:\Windows\System32\GDI32.dll
0x00007ffb71400000 - 0x00007ffb714a9000 	C:\Windows\System32\msvcrt.dll
0x00007ffb70880000 - 0x00007ffb709a9000 	C:\Windows\System32\gdi32full.dll
0x00007ffb712f0000 - 0x00007ffb71393000 	C:\Windows\System32\msvcp_win.dll
0x00007ffb71c80000 - 0x00007ffb71cb1000 	C:\Windows\System32\IMM32.DLL
0x00007ffb6b270000 - 0x00007ffb6b27c000 	C:\Users\ASUS\Downloads\jdk-26_windows-x64_bin\jdk-26.0.2\bin\vcruntime140_1.dll
0x00007ffb5f700000 - 0x00007ffb5f78d000 	C:\Users\ASUS\Downloads\jdk-26_windows-x64_bin\jdk-26.0.2\bin\msvcp140.dll
0x00007ffb1a010000 - 0x00007ffb1aee1000 	C:\Users\ASUS\Downloads\jdk-26_windows-x64_bin\jdk-26.0.2\bin\server\jvm.dll
0x00007ffb71cc0000 - 0x00007ffb71d7c000 	C:\Windows\System32\ADVAPI32.dll
0x00007ffb73390000 - 0x00007ffb73439000 	C:\Windows\System32\sechost.dll
0x00007ffb71690000 - 0x00007ffb717a8000 	C:\Windows\System32\RPCRT4.dll
0x00007ffb71540000 - 0x00007ffb715c0000 	C:\Windows\System32\WS2_32.dll
0x00007ffb70700000 - 0x00007ffb7075e000 	C:\Windows\SYSTEM32\POWRPROF.dll
0x00007ffb61ce0000 - 0x00007ffb61ceb000 	C:\Windows\SYSTEM32\VERSION.dll
0x00007ffb661f0000 - 0x00007ffb66226000 	C:\Windows\SYSTEM32\WINMM.dll
0x00007ffb706e0000 - 0x00007ffb706f5000 	C:\Windows\SYSTEM32\UMPDC.dll
0x00007ffb6f550000 - 0x00007ffb6f56b000 	C:\Windows\SYSTEM32\kernel.appcore.dll
0x00007ffb6b1e0000 - 0x00007ffb6b1ea000 	C:\Users\ASUS\Downloads\jdk-26_windows-x64_bin\jdk-26.0.2\bin\jimage.dll
0x00007ffb6dde0000 - 0x00007ffb6e02c000 	C:\Windows\SYSTEM32\DBGHELP.DLL
0x00007ffb72720000 - 0x00007ffb72aa5000 	C:\Windows\System32\combase.dll
0x00007ffb72400000 - 0x00007ffb724d9000 	C:\Windows\System32\OLEAUT32.dll
0x00007ffb603a0000 - 0x00007ffb603db000 	C:\Windows\SYSTEM32\dbgcore.DLL
0x00007ffb71230000 - 0x00007ffb712dc000 	C:\Windows\System32\bcryptPrimitives.dll
0x00007ffb64b90000 - 0x00007ffb64ba0000 	C:\Users\ASUS\Downloads\jdk-26_windows-x64_bin\jdk-26.0.2\bin\instrument.dll
0x00007ffb60380000 - 0x00007ffb6039f000 	C:\Users\ASUS\Downloads\jdk-26_windows-x64_bin\jdk-26.0.2\bin\java.dll
0x00007ffb719c0000 - 0x00007ffb71b5a000 	C:\Windows\System32\ole32.dll
0x00007ffb72b70000 - 0x00007ffb73308000 	C:\Windows\System32\SHELL32.dll
0x00007ffb6e2e0000 - 0x00007ffb6eb8e000 	C:\Windows\SYSTEM32\windows.storage.dll
0x00007ffb72300000 - 0x00007ffb723fb000 	C:\Windows\System32\SHCORE.dll
0x00007ffb71620000 - 0x00007ffb71686000 	C:\Windows\System32\shlwapi.dll
0x00007ffb707a0000 - 0x00007ffb707c9000 	C:\Windows\SYSTEM32\profapi.dll
0x00007ffb5ff20000 - 0x00007ffb5ff36000 	C:\Users\ASUS\Downloads\jdk-26_windows-x64_bin\jdk-26.0.2\bin\zip.dll
0x00007ffb5fee0000 - 0x00007ffb5fef2000 	C:\Users\ASUS\Downloads\jdk-26_windows-x64_bin\jdk-26.0.2\bin\net.dll
0x00007ffb6fb10000 - 0x00007ffb6fb7c000 	C:\Windows\system32\mswsock.dll
0x00007ffb5fe20000 - 0x00007ffb5fe36000 	C:\Users\ASUS\Downloads\jdk-26_windows-x64_bin\jdk-26.0.2\bin\nio.dll
0x00007ffb64ae0000 - 0x00007ffb64af0000 	C:\Users\ASUS\Downloads\jdk-26_windows-x64_bin\jdk-26.0.2\bin\verify.dll
0x00007ffb5eee0000 - 0x00007ffb5ef25000 	C:\Users\ASUS\AppData\Roaming\Code\User\globalStorage\redhat.java\1.56.0\config_win\org.eclipse.equinox.launcher\org.eclipse.equinox.launcher.win32.win32.x86_64_1.3.100.v20260804-1928\eclipse_11924.dll
0x00007ffb60250000 - 0x00007ffb6025a000 	C:\Users\ASUS\Downloads\jdk-26_windows-x64_bin\jdk-26.0.2\bin\management.dll
0x00007ffb5fe60000 - 0x00007ffb5fe6c000 	C:\Users\ASUS\Downloads\jdk-26_windows-x64_bin\jdk-26.0.2\bin\management_ext.dll
0x00007ffb73450000 - 0x00007ffb73458000 	C:\Windows\System32\PSAPI.DLL
0x00007ffb6fe00000 - 0x00007ffb6fe1b000 	C:\Windows\SYSTEM32\CRYPTSP.dll
0x00007ffb6f4b0000 - 0x00007ffb6f4e9000 	C:\Windows\system32\rsaenh.dll
0x00007ffb6fbc0000 - 0x00007ffb6fbf4000 	C:\Windows\SYSTEM32\USERENV.dll
0x00007ffb70770000 - 0x00007ffb7079a000 	C:\Windows\SYSTEM32\bcrypt.dll
0x00007ffb6fe20000 - 0x00007ffb6fe2c000 	C:\Windows\SYSTEM32\CRYPTBASE.dll
0x00007ffb6ef00000 - 0x00007ffb6ef33000 	C:\Windows\SYSTEM32\IPHLPAPI.DLL
0x00007ffb722f0000 - 0x00007ffb722fa000 	C:\Windows\System32\NSI.dll
0x00007ffb4f790000 - 0x00007ffb4f7d9000 	C:\Users\ASUS\AppData\Local\Temp\jna-79765887\jna14260589113037070979.dll
0x00007ffb65870000 - 0x00007ffb6599a000 	C:\Windows\SYSTEM32\winhttp.dll
0x00007ffb661c0000 - 0x00007ffb661dd000 	C:\Windows\SYSTEM32\dhcpcsvc6.DLL
0x00007ffb66190000 - 0x00007ffb661b5000 	C:\Windows\SYSTEM32\dhcpcsvc.DLL

JVMTI agents:
c:\Users\ASUS\.vscode\extensions\redhat.java-1.56.0-win32-x64\lombok\lombok-1.18.39-4050.jar path:C:\Users\ASUS\Downloads\jdk-26_windows-x64_bin\jdk-26.0.2\bin\instrument.dll, loaded, initialized, instrumentlib options:none

dbghelp: loaded successfully - version: 4.0.5 - missing functions: none
symbol engine: initialized successfully - sym options: 0x614 - pdb path: .;C:\Users\ASUS\Downloads\jdk-26_windows-x64_bin\jdk-26.0.2\bin;C:\Windows\SYSTEM32;C:\Windows\WinSxS\amd64_microsoft.windows.common-controls_6595b64144ccf1df_6.0.26100.9278_none_3e0d1ba8e3303201;C:\Users\ASUS\Downloads\jdk-26_windows-x64_bin\jdk-26.0.2\bin\server;C:\Users\ASUS\AppData\Roaming\Code\User\globalStorage\redhat.java\1.56.0\config_win\org.eclipse.equinox.launcher\org.eclipse.equinox.launcher.win32.win32.x86_64_1.3.100.v20260804-1928;C:\Users\ASUS\AppData\Local\Temp\jna-79765887

VM Arguments:
jvm_args: -Djdk.xml.maxGeneralEntitySizeLimit=0 -Djdk.xml.totalEntitySizeLimit=0 --add-modules=ALL-SYSTEM --add-opens=java.base/java.util=ALL-UNNAMED --add-opens=java.base/java.lang=ALL-UNNAMED --add-opens=java.base/sun.nio.fs=ALL-UNNAMED -Declipse.application=org.eclipse.jdt.ls.core.id1 -Dosgi.bundles.defaultStartLevel=4 -Declipse.product=org.eclipse.jdt.ls.core.product -Djava.import.generatesMetadataFilesAtProjectRoot=false -Dm2e.project.cache.size=50 -DDetectVMInstallationsJob.disabled=true -Dfile.encoding=utf8 -XX:+UseParallelGC -XX:GCTimeRatio=4 -XX:AdaptiveSizePolicyWeight=90 -Dsun.zip.disableMemoryMapping=true -Xmx2G -Xms100m -Xlog:disable -javaagent:c:\Users\ASUS\.vscode\extensions\redhat.java-1.56.0-win32-x64\lombok\lombok-1.18.39-4050.jar -XX:+HeapDumpOnOutOfMemoryError -XX:HeapDumpPath=c:\Users\ASUS\AppData\Roaming\Code\User\workspaceStorage\f1371b9cf793ad4376cc3e4581f32f59\redhat.java -Daether.dependencyCollector.impl=bf 
java_command: c:\Users\ASUS\.vscode\extensions\redhat.java-1.56.0-win32-x64\server\plugins\org.eclipse.equinox.launcher_1.8.0.v20260804-1928.jar -configuration c:\Users\ASUS\AppData\Roaming\Code\User\globalStorage\redhat.java\1.56.0\config_win -data c:\Users\ASUS\AppData\Roaming\Code\User\workspaceStorage\f1371b9cf793ad4376cc3e4581f32f59\redhat.java\jdt_ws --stdio
java_class_path (initial): c:\Users\ASUS\.vscode\extensions\redhat.java-1.56.0-win32-x64\server\plugins\org.eclipse.equinox.launcher_1.8.0.v20260804-1928.jar
Launcher Type: SUN_STANDARD

[Global flags]
     bool AOTAdapterCaching                        = false                                  {diagnostic} {ergonomic}
     bool AOTInvokeDynamicLinking                  = false                                  {diagnostic} {ergonomic}
     bool AOTRecordTraining                        = false                                  {diagnostic} {ergonomic}
     bool AOTReplayTraining                        = false                                  {diagnostic} {ergonomic}
     bool AOTStubCaching                           = false                                  {diagnostic} {ergonomic}
     uint AdaptiveSizePolicyWeight                 = 90                                        {product} {command line}
     intx CICompilerCount                          = 4                                         {product} {ergonomic}
     uint GCTimeRatio                              = 4                                         {product} {command line}
     bool HeapDumpOnOutOfMemoryError               = true                                   {manageable} {command line}
    ccstr HeapDumpPath                             = c:\Users\ASUS\AppData\Roaming\Code\User\workspaceStorage\f1371b9cf793ad4376cc3e4581f32f59\redhat.java         {manageable} {command line}
   size_t InitialHeapSize                          = 104857600                                 {product} {command line}
     bool IntelJccErratumMitigation                = false                             {ARCH diagnostic} {ergonomic}
   size_t MaxHeapSize                              = 2147483648                                {product} {command line}
   size_t MaxNewSize                               = 715653120                                 {product} {ergonomic}
 uint64_t MaxRAM                                   = 16407719936                               {product} {ergonomic}
   size_t MinHeapDeltaBytes                        = 524288                                    {product} {ergonomic}
   size_t MinHeapSize                              = 104857600                                 {product} {command line}
   size_t NewSize                                  = 34603008                                  {product} {ergonomic}
   size_t NonNMethodCodeHeapSize                   = 5898240                                {pd product} {ergonomic}
   size_t NonProfiledCodeHeapSize                  = 122945536                              {pd product} {ergonomic}
   size_t ProfiledCodeHeapSize                     = 122945536                              {pd product} {ergonomic}
   size_t ReservedCodeCacheSize                    = 251789312                              {pd product} {ergonomic}
     bool SegmentedCodeCache                       = true                                      {product} {ergonomic}
   size_t SoftMaxHeapSize                          = 2147483648                             {manageable} {ergonomic}
     bool UseCompressedOops                        = true                           {product lp64_product} {ergonomic}
     bool UseFastUnorderedTimeStamps               = true                                 {experimental} {ergonomic}
     bool UseLargePagesIndividualAllocation        = false                                  {pd product} {ergonomic}
     bool UseParallelGC                            = true                                      {product} {command line}
      int X86ICacheSync                            = 3                                 {ARCH diagnostic} {ergonomic}

Logging:
Log output configuration:
 #0: stdout all=off uptime,level,tags foldmultilines=false
 #1: stderr all=off uptime,level,tags foldmultilines=false

Release file:
IMPLEMENTOR="Oracle Corporation" 
JAVA_RUNTIME_VERSION="26.0.2+10-55" 
JAVA_VERSION="26.0.2" 
JAVA_VERSION_DATE="2026-07-21" 
LIBC="default" 
MODULES="java.base java.compiler java.datatransfer java.xml java.prefs java.desktop java.instrument java.logging java.management java.security.sasl java.naming java.rmi java.management.rmi java.net.http java.scripting java.security.jgss java.transaction.xa java.sql java.sql.rowset java.xml.crypto java.se java.smartcardio jdk.accessibility jdk.internal.jvmstat jdk.attach jdk.charsets jdk.internal.opt jdk.zipfs jdk.compiler jdk.crypto.cryptoki jdk.crypto.ec jdk.crypto.mscapi jdk.dynalink jdk.internal.ed jdk.editpad jdk.internal.vm.ci jdk.graal.compiler jdk.graal.compiler.management jdk.hotspot.agent jdk.httpserver jdk.incubator.vector jdk.internal.le jdk.internal.md jdk.jartool jdk.javadoc jdk.jcmd jdk.management jdk.management.agent jdk.jconsole jdk.jdeps jdk.jdwp.agent jdk.jdi jdk.jfr jdk.jlink jdk.jpackage jdk.jshell jdk.jstatd jdk.localedata jdk.management.jfr jdk.naming.dns jdk.naming.rmi jdk.net jdk.nio.mapmode jdk.sctp jdk.security.auth jdk.security.jgss jdk.unsupported jdk.unsupported.desktop jdk.xml.dom" 
OS_ARCH="x86_64" 
OS_NAME="Windows" 
SOURCE=".:git:28b9aeff05f1 open:git:fa67dfdcec4b" 

Environment Variables:
PATH=C:\Program Files\Eclipse Adoptium\jdk-21.0.8.9-hotspot\bin;C:\Windows\system32;C:\Windows;C:\Windows\System32\Wbem;C:\Windows\System32\WindowsPowerShell\v1.0\;C:\Windows\System32\OpenSSH\;C:\Program Files\Gpg4win\..\GnuPG\bin;C:\Users\ASUS\AppData\Local\Programs\Python\Python313\Scripts\;C:\Users\ASUS\AppData\Local\Programs\Python\Python313\;C:\Users\ASUS\AppData\Local\Programs\Python\Launcher\;C:\Users\ASUS\AppData\Local\Microsoft\WindowsApps;C:\Users\ASUS\AppData\Local\Programs\Microsoft VS Code\bin;C:\Users\ASUS\AppData\Local\GitHubDesktop\bin
USERNAME=Seiya
OS=Windows_NT
PROCESSOR_IDENTIFIER=AMD64 Family 23 Model 160 Stepping 0, AuthenticAMD
TMP=C:\Users\ASUS\AppData\Local\Temp
TEMP=C:\Users\ASUS\AppData\Local\Temp




Compilation memory statistics disabled.

Periodic native trim disabled

---------------  S Y S T E M  ---------------

OS:
 Windows 11 , 64 bit Build 26100 (10.0.26100.9444)
OS uptime: 4 days 8:24 hours
Hyper-V role detected

CPU: total 8 (initial active 8) (4 cores per cpu, 2 threads per core) family 23 model 160 stepping 0 microcode 0x8a00006, cx8, cmov, fxsr, ht, mmx, 3dnowpref, sse, sse2, sse3, ssse3, sse4a, sse4.1, sse4.2, popcnt, lzcnt, tsc, tscinvbit, avx, avx2, aes, clmul, bmi1, bmi2, adx, sha, fma, vzeroupper, clflush, clflushopt, clwb, hv, rdtscp, rdpid, f16c
Processor Information for processor 0
  Max Mhz: 2801, Current Mhz: 1981, Mhz Limit: 2801
Processor Information for processor 1
  Max Mhz: 2801, Current Mhz: 1981, Mhz Limit: 2801
Processor Information for processor 2
  Max Mhz: 2801, Current Mhz: 1981, Mhz Limit: 2801
Processor Information for processor 3
  Max Mhz: 2801, Current Mhz: 2483, Mhz Limit: 2801
Processor Information for processor 4
  Max Mhz: 2801, Current Mhz: 1981, Mhz Limit: 2801
Processor Information for processor 5
  Max Mhz: 2801, Current Mhz: 2483, Mhz Limit: 2801
Processor Information for processor 6
  Max Mhz: 2801, Current Mhz: 2483, Mhz Limit: 2801
Processor Information for processor 7
  Max Mhz: 2801, Current Mhz: 2483, Mhz Limit: 2801

Memory: 4k page, system-wide physical 15647M (4487M free)
TotalPageFile size 15647M (AvailPageFile size 0M)
current process WorkingSet (physical memory assigned to process): 712M, peak: 712M
current process commit charge ("private bytes"): 630M, peak: 1794M

vm_info: Java HotSpot(TM) 64-Bit Server VM (26.0.2+10-55) for windows-amd64 JRE (26.0.2+10-55), built on 2026-06-17T09:18:01Z with MS VC++ 17.13 (VS2022)

END.
