#
# There is insufficient memory for the Java Runtime Environment to continue.
# Native memory allocation (malloc) failed to allocate 1048576 bytes. Error detail: AllocateHeap
# Possible reasons:
#   The system is out of physical RAM or swap space
#   This process is running with CompressedOops enabled, and the Java Heap may be blocking the growth of the native heap
# Possible solutions:
#   Reduce memory load on the system
#   Increase physical memory or swap space
#   Check if swap backing store is full
#   Decrease Java heap size (-Xmx/-Xms)
#   Decrease number of Java threads
#   Decrease Java thread stack sizes (-Xss)
#   Set larger code cache with -XX:ReservedCodeCacheSize=
#   JVM is running with Unscaled Compressed Oops mode in which the Java heap is
#     placed in the first 4GB address space. The Java Heap base address is the
#     maximum limit for the native heap growth. Please use -XX:HeapBaseMinAddress
#     to set the Java Heap base and to place the Java Heap above 4GB virtual address.
# This output file may be truncated or incomplete.
#
#  Out of Memory Error (allocation.cpp:41), pid=20580, tid=22672
#
# JRE version: Java(TM) SE Runtime Environment (26.0.2+10) (build 26.0.2+10-55)
# Java VM: Java HotSpot(TM) 64-Bit Server VM (26.0.2+10-55, mixed mode, sharing, tiered, compressed oops, compressed class ptrs, parallel gc, windows-amd64)
# No core dump will be written. Minidumps are not enabled by default on client versions of Windows
#

---------------  S U M M A R Y ------------

Command Line: -Djdk.xml.maxGeneralEntitySizeLimit=0 -Djdk.xml.totalEntitySizeLimit=0 --add-modules=ALL-SYSTEM --add-opens=java.base/java.util=ALL-UNNAMED --add-opens=java.base/java.lang=ALL-UNNAMED --add-opens=java.base/sun.nio.fs=ALL-UNNAMED -Declipse.application=org.eclipse.jdt.ls.core.id1 -Dosgi.bundles.defaultStartLevel=4 -Declipse.product=org.eclipse.jdt.ls.core.product -Djava.import.generatesMetadataFilesAtProjectRoot=false -Dm2e.project.cache.size=50 -DDetectVMInstallationsJob.disabled=true -Dfile.encoding=utf8 -XX:+UseParallelGC -XX:GCTimeRatio=4 -XX:AdaptiveSizePolicyWeight=90 -Dsun.zip.disableMemoryMapping=true -Xmx2G -Xms100m -Xlog:disable -javaagent:c:\Users\ASUS\.vscode\extensions\redhat.java-1.56.0-win32-x64\lombok\lombok-1.18.39-4050.jar -XX:+HeapDumpOnOutOfMemoryError -XX:HeapDumpPath=c:\Users\ASUS\AppData\Roaming\Code\User\workspaceStorage\f1371b9cf793ad4376cc3e4581f32f59\redhat.java -Daether.dependencyCollector.impl=bf c:\Users\ASUS\.vscode\extensions\redhat.java-1.56.0-win32-x64\server\plugins\org.eclipse.equinox.launcher_1.8.0.v20260804-1928.jar -configuration c:\Users\ASUS\AppData\Roaming\Code\User\globalStorage\redhat.java\1.56.0\config_win -data c:\Users\ASUS\AppData\Roaming\Code\User\workspaceStorage\f1371b9cf793ad4376cc3e4581f32f59\redhat.java\jdt_ws --pipe=\\.\pipe\lsp-89d04b601ba156ba7bc85d5a57c1e07e-sock

Host: AMD Ryzen 5 7520U with Radeon Graphics         , 8 cores, 15G,  Windows 11 , 64 bit Build 26100 (10.0.26100.9444)
Time: Tue Sep 22 16:22:10 2026 SE Asia Standard Time elapsed time: 1482.064616 seconds (0d 0h 24m 42s)

---------------  T H R E A D  ---------------

Current thread (0x00000241d611a1e0):  JavaThread "Attach Listener" daemon [_thread_in_vm, id=22672, stack(0x000000effe400000,0x000000effe500000) (1024K)]

Stack: [0x000000effe400000,0x000000effe500000]
Native frames: (J=compiled Java code, j=interpreted, Vv=VM code, C=native code)
V  [jvm.dll+0x7d6ea9]  (no source info available)
V  [jvm.dll+0x7a4dcd]  (no source info available)
V  [jvm.dll+0x9b2390]  (no source info available)
V  [jvm.dll+0x9b47e1]  (no source info available)
V  [jvm.dll+0x9b4ef3]  (no source info available)
V  [jvm.dll+0x30f4d6]  (no source info available)
V  [jvm.dll+0xf1087]  (no source info available)
V  [jvm.dll+0x7daa3f]  (no source info available)
V  [jvm.dll+0x1a86b7]  (no source info available)
V  [jvm.dll+0x4a5a61]  (no source info available)
V  [jvm.dll+0x950d59]  (no source info available)
V  [jvm.dll+0x7d8988]  (no source info available)
C  [ucrtbase.dll+0x2cd30]  (no source info available)
C  [KERNEL32.DLL+0x2cd87]  (no source info available)
C  [ntdll.dll+0xacaec]  (no source info available)

Lock stack of current Java thread (top to bottom):


---------------  P R O C E S S  ---------------

Threads class SMR info:
_java_thread_list=0x00000241de417c60, length=33, elements={
0x00000241bc0ce4b0, 0x00000241d61146c0, 0x00000241d6115470, 0x00000241d6119790,
0x00000241d611a1e0, 0x00000241d611d940, 0x00000241d6123b90, 0x00000241d611f970,
0x00000241d61209c0, 0x00000241d7d0f300, 0x00000241d7ddfa90, 0x00000241dc9027b0,
0x00000241d61ba970, 0x00000241dc4ee940, 0x00000241dc64ab50, 0x00000241dc1ebc40,
0x00000241dc90b4f0, 0x00000241dc90dc00, 0x00000241dd4f6600, 0x00000241dd4f46c0,
0x00000241df7c8600, 0x00000241df7c8dd0, 0x00000241df7c9d70, 0x00000241df7cbcb0,
0x00000241df7c95a0, 0x00000241df7ca540, 0x00000241df7cdbf0, 0x00000241df7cad10,
0x00000241df7cf360, 0x00000241df7cfb30, 0x00000241dde31e80, 0x00000241dde32650,
0x00000241dde37470
}

Java Threads: ( => current thread )
  0x00000241bc0ce4b0 JavaThread "main"                              [_thread_blocked, id=21528, stack(0x000000effdd00000,0x000000effde00000) (1024K)]
  0x00000241d61146c0 JavaThread "Reference Handler"          daemon [_thread_blocked, id=872, stack(0x000000effe100000,0x000000effe200000) (1024K)]
  0x00000241d6115470 JavaThread "Finalizer"                  daemon [_thread_blocked, id=7848, stack(0x000000effe200000,0x000000effe300000) (1024K)]
  0x00000241d6119790 JavaThread "Signal Dispatcher"          daemon [_thread_blocked, id=6608, stack(0x000000effe300000,0x000000effe400000) (1024K)]
=>0x00000241d611a1e0 JavaThread "Attach Listener"            daemon [_thread_in_vm, id=22672, stack(0x000000effe400000,0x000000effe500000) (1024K)]
  0x00000241d611d940 JavaThread "Service Thread"             daemon [_thread_blocked, id=22512, stack(0x000000effe500000,0x000000effe600000) (1024K)]
  0x00000241d6123b90 JavaThread "Monitor Deflation Thread"   daemon [_thread_blocked, id=19764, stack(0x000000effe600000,0x000000effe700000) (1024K)]
  0x00000241d611f970 JavaThread "C2 CompilerThread0"         daemon [_thread_blocked, id=336, stack(0x000000effe700000,0x000000effe800000) (1024K)]
  0x00000241d61209c0 JavaThread "C1 CompilerThread0"         daemon [_thread_blocked, id=8040, stack(0x000000effe800000,0x000000effe900000) (1024K)]
  0x00000241d7d0f300 JavaThread "Common-Cleaner"             daemon [_thread_blocked, id=4968, stack(0x000000effea00000,0x000000effeb00000) (1024K)]
  0x00000241d7ddfa90 JavaThread "Notification Thread"        daemon [_thread_blocked, id=304, stack(0x000000effe900000,0x000000effea00000) (1024K)]
  0x00000241dc9027b0 JavaThread "Active Thread: Equinox Container: d3717a89-7171-4079-83b3-42446d59be21"        [_thread_blocked, id=11176, stack(0x000000efff000000,0x000000efff100000) (1024K)]
  0x00000241d61ba970 JavaThread "Framework Event Dispatcher: Equinox Container: d3717a89-7171-4079-83b3-42446d59be21" daemon [_thread_blocked, id=16556, stack(0x000000effee00000,0x000000effef00000) (1024K)]
  0x00000241dc4ee940 JavaThread "Start Level: Equinox Container: d3717a89-7171-4079-83b3-42446d59be21" daemon [_thread_blocked, id=16164, stack(0x000000effef00000,0x000000efff000000) (1024K)]
  0x00000241dc64ab50 JavaThread "Bundle File Closer"         daemon [_thread_blocked, id=8264, stack(0x000000efff200000,0x000000efff300000) (1024K)]
  0x00000241dc1ebc40 JavaThread "SCR Component Actor"        daemon [_thread_blocked, id=7284, stack(0x000000efff300000,0x000000efff400000) (1024K)]
  0x00000241dc90b4f0 JavaThread "Worker-JM"                         [_thread_blocked, id=16416, stack(0x000000efff400000,0x000000efff500000) (1024K)]
  0x00000241dc90dc00 JavaThread "JNA Cleaner"                daemon [_thread_blocked, id=5056, stack(0x000000efff900000,0x000000efffa00000) (1024K)]
  0x00000241dd4f6600 JavaThread "Java indexing"              daemon [_thread_blocked, id=23072, stack(0x000000efffe00000,0x000000effff00000) (1024K)]
  0x00000241dd4f46c0 JavaThread "Worker-3"                          [_thread_blocked, id=19136, stack(0x000000effff00000,0x000000f000000000) (1024K)]
  0x00000241df7c8600 JavaThread "Worker-5"                          [_thread_blocked, id=9136, stack(0x000000ef80300000,0x000000ef80400000) (1024K)]
  0x00000241df7c8dd0 JavaThread "InnocuousThread-1"          daemon [_thread_in_native, id=23632, stack(0x000000ef80400000,0x000000ef80500000) (1024K)]
  0x00000241df7c9d70 JavaThread "InnocuousThread-2"          daemon [_thread_in_native, id=20732, stack(0x000000ef80500000,0x000000ef80600000) (1024K)]
  0x00000241df7cbcb0 JavaThread "InnocuousThread-3"          daemon [_thread_in_native, id=4128, stack(0x000000ef80600000,0x000000ef80700000) (1024K)]
  0x00000241df7c95a0 JavaThread "InnocuousThread-4"          daemon [_thread_in_native, id=19440, stack(0x000000ef80700000,0x000000ef80800000) (1024K)]
  0x00000241df7ca540 JavaThread "InnocuousThread-5"          daemon [_thread_in_native, id=18004, stack(0x000000ef80800000,0x000000ef80900000) (1024K)]
  0x00000241df7cdbf0 JavaThread "InnocuousThread-6"          daemon [_thread_in_native, id=3192, stack(0x000000ef80900000,0x000000ef80a00000) (1024K)]
  0x00000241df7cad10 JavaThread "InnocuousThread-7"          daemon [_thread_in_native, id=21572, stack(0x000000ef80a00000,0x000000ef80b00000) (1024K)]
  0x00000241df7cf360 JavaThread "InnocuousThread-8"          daemon [_thread_in_native, id=21208, stack(0x000000ef80b00000,0x000000ef80c00000) (1024K)]
  0x00000241df7cfb30 JavaThread "InnocuousThread-9"          daemon [_thread_in_native, id=19784, stack(0x000000ef80c00000,0x000000ef80d00000) (1024K)]
  0x00000241dde31e80 JavaThread "pool-2-thread-1"                   [_thread_blocked, id=13196, stack(0x000000ef80d00000,0x000000ef80e00000) (1024K)]
  0x00000241dde32650 JavaThread "WorkspaceEventsHandler"            [_thread_blocked, id=12016, stack(0x000000ef80e00000,0x000000ef80f00000) (1024K)]
  0x00000241dde37470 JavaThread "pool-1-thread-1"                   [_thread_blocked, id=18728, stack(0x000000ef80f00000,0x000000ef81000000) (1024K)]
Total: 33

Other Threads:
  0x00000241d6101a50 VMThread "VM Thread"                           [id=21908, stack(0x000000effe000000,0x000000effe100000) (1024K)]
  0x00000241d60ec0c0 WatcherThread "VM Periodic Task Thread"        [id=18032, stack(0x000000effdf00000,0x000000effe000000) (1024K)]
  0x00000241bc0f1920 WorkerThread "GC Thread#0"                     [id=7852, stack(0x000000effde00000,0x000000effdf00000) (1024K)]
  0x00000241dc056a30 WorkerThread "GC Thread#1"                     [id=18020, stack(0x000000effeb00000,0x000000effec00000) (1024K)]
  0x00000241dc5e4d60 WorkerThread "GC Thread#2"                     [id=14556, stack(0x000000effec00000,0x000000effed00000) (1024K)]
  0x00000241dc5b7f50 WorkerThread "GC Thread#3"                     [id=18992, stack(0x000000effed00000,0x000000effee00000) (1024K)]
  0x00000241dcafa770 WorkerThread "GC Thread#4"                     [id=12356, stack(0x000000efff100000,0x000000efff200000) (1024K)]
  0x00000241dcb43960 WorkerThread "GC Thread#5"                     [id=7972, stack(0x000000efff500000,0x000000efff600000) (1024K)]
  0x00000241dcb44650 WorkerThread "GC Thread#6"                     [id=14792, stack(0x000000efff600000,0x000000efff700000) (1024K)]
  0x00000241dcb42c70 WorkerThread "GC Thread#7"                     [id=13948, stack(0x000000efff700000,0x000000efff800000) (1024K)]
Total: 10

Threads with active compile tasks:
Total: 0

VM state: not at safepoint (normal execution)

VM Mutex/Monitor currently owned by a thread: None

Heap address: 0x0000000080000000, size: 2048 MB, Compressed Oops mode: 32-bit

CDS archive(s) mapped at: [0x0000000033000000-0x0000000033de0000-0x0000000033de0000), size 14548992, SharedBaseAddress: 0x0000000033000000, ArchiveRelocationMode: 1.
Compressed class space mapped at: 0x0000000034000000-0x0000000074000000, reserved size: 1073741824
UseCompressedClassPointers 1, UseCompactObjectHeaders 0
Narrow klass pointer bits 32, Max shift 3
Narrow klass base: 0x0000000033000000, Narrow klass shift: 0
Encoding Range: [0x0000000033000000 - 0x0000000133000000), (4294967296 bytes)
Klass Range:    [0x0000000033000000 - 0x0000000074000000), (1090519040 bytes)
Klass ID Range:  [8 - 1090519033) (1090519025)
Protection zone: [0x0000000033000000 - 0x0000000033010000), (65536 bytes)

GC Precious Log:
 CardTable entry size: 512
 CPUs: 8 total, 8 available
 Memory: 15647M
 Large Page Support: Disabled
 NUMA Support: Disabled
 Compressed Oops: Enabled (32-bit)
 Alignments: Space 512K, Heap 2M
 Heap Min Capacity: 100M
 Heap Initial Capacity: 100M
 Heap Max Capacity: 2G
 Pre-touch: Disabled
 Parallel Workers: 8

Heap:
 PSYoungGen      total 59904K, used 39512K [0x00000000d5580000, 0x00000000d9880000, 0x0000000100000000)
  eden space 51200K, 72% used [0x00000000d6680000,0x00000000d8af4788,0x00000000d9880000)
  from space 8704K, 25% used [0x00000000d5580000,0x00000000d57a1930,0x00000000d5e00000)
  to   space 8704K, 0% used [0x00000000d5e00000,0x00000000d5e00000,0x00000000d6680000)
 ParOldGen       total 68608K, used 20884K [0x0000000080000000, 0x0000000084300000, 0x00000000d5580000)
  object space 68608K, 30% used [0x0000000080000000,0x00000000814651e8,0x0000000084300000)

Card table byte_map: [0x00000241bbbd0000,0x00000241bbfd0000] _byte_map_base: 0x00000241bb7d0000

Marking Bits: (ParMarkBitMap*) 0x00007ffaf5b57490
 Begin Bits: [0x00000241d4050000, 0x00000241d6050000)

Polling page: 0x00000241b9e80000

Metaspace:
Metaspace        used 43830K, committed 44800K, reserved 1114112K
 class space     used 4874K, committed 5248K, reserved 1048576K

Usage:
  Non-class:     38.04 MB used.
      Class:      4.76 MB used.
       Both:     42.80 MB used.

Virtual space:
  Non-class space:       64.00 MB reserved,      38.62 MB ( 60%) committed,  1 nodes.
      Class space:        1.00 GB reserved,       5.12 MB ( <1%) committed,  1 nodes.
             Both:        1.06 GB reserved,      43.75 MB (  4%) committed. 

Chunk freelists:
   Non-Class:  9.22 MB
       Class:  10.75 MB
        Both:  19.97 MB

MaxMetaspaceSize: unlimited
CompressedClassSpaceSize: 1.00 GB
Initial GC threshold: 21.00 MB
Current GC threshold: 58.38 MB
CDS: on
 - commit_granule_bytes: 65536.
 - commit_granule_words: 8192.
 - virtual_space_node_default_size: 8388608.
 - enlarge_chunks_in_place: 1.
UseCompressedClassPointers 1, UseCompactObjectHeaders 0
Narrow klass pointer bits 32, Max shift 3
Narrow klass base: 0x0000000033000000, Narrow klass shift: 0
Encoding Range: [0x0000000033000000 - 0x0000000133000000), (4294967296 bytes)
Klass Range:    [0x0000000033000000 - 0x0000000074000000), (1090519040 bytes)
Klass ID Range:  [8 - 1090519033) (1090519025)
Protection zone: [0x0000000033000000 - 0x0000000033010000), (65536 bytes)


Internal statistics:

num_allocs_failed_limit: 6.
num_arena_births: 582.
num_arena_deaths: 30.
num_vsnodes_births: 2.
num_vsnodes_deaths: 0.
num_space_committed: 700.
num_space_uncommitted: 0.
num_chunks_returned_to_freelist: 43.
num_chunks_taken_from_freelist: 2463.
num_chunk_merges: 13.
num_chunk_splits: 1531.
num_chunks_enlarged: 956.
num_inconsistent_stats: 0.

CodeHeap 'non-profiled nmethods': size=120064Kb used=2063Kb max_used=2063Kb free=118000Kb
 bounds [0x00000241cc860000, 0x00000241ccad0000, 0x00000241d3da0000]
CodeHeap 'profiled nmethods': size=120064Kb used=9143Kb max_used=9143Kb free=110920Kb
 bounds [0x00000241c4d80000, 0x00000241c5670000, 0x00000241cc2c0000]
CodeHeap 'non-nmethods': size=5760Kb used=1454Kb max_used=1522Kb free=4305Kb
 bounds [0x00000241cc2c0000, 0x00000241cc530000, 0x00000241cc860000]
CodeCache: size=245888Kb, used=12660Kb, max_used=12728Kb, free=233225Kb
 total_blobs=6326, nmethods=5654, adapters=577, full_count=0
Compilation: enabled, stopped_count=0, restarted_count=0

Compilation events (20 events):
Event: 1079.591 Thread 0x00000241d611f970 6189       4       java.lang.Thread::sleep (29 bytes)
Event: 1079.593 Thread 0x00000241d611f970 nmethod 6189 0x00000241cca62788 code [0x00000241cca62880, 0x00000241cca629e0]
Event: 1085.418 Thread 0x00000241d61209c0 6190       3       java.util.concurrent.ScheduledThreadPoolExecutor$ScheduledFutureTask::getDelay (16 bytes)
Event: 1085.418 Thread 0x00000241d61209c0 nmethod 6190 0x00000241c566bb88 code [0x00000241c566bc80, 0x00000241c566be88]
Event: 1228.904 Thread 0x00000241d61209c0 6191       3       sun.security.provider.HashDrbg::addBytes (130 bytes)
Event: 1228.904 Thread 0x00000241d61209c0 nmethod 6191 0x00000241c566bf08 code [0x00000241c566c000, 0x00000241c566c360]
Event: 1228.904 Thread 0x00000241d61209c0 6192       3       java.util.HashMap::putVal (300 bytes)
Event: 1228.904 Thread 0x00000241d611f970 6193       4       java.util.HashMap::putIfAbsent (13 bytes)
Event: 1228.906 Thread 0x00000241d61209c0 nmethod 6192 0x00000241c566c388 code [0x00000241c566c480, 0x00000241c566d5d0]
Event: 1228.906 Thread 0x00000241d61209c0 6194       1       org.eclipse.core.internal.jobs.InternalJob::getJobGroup (5 bytes)
Event: 1228.906 Thread 0x00000241d61209c0 nmethod 6194 0x00000241cca62a88 code [0x00000241cca62b80, 0x00000241cca62c38]
Event: 1228.921 Thread 0x00000241d611f970 nmethod 6193 0x00000241cca62d88 code [0x00000241cca62e80, 0x00000241cca636d0]
Event: 1251.525 Thread 0x00000241d61209c0 6195       3       jdk.internal.misc.Unsafe::getAndBitwiseAndInt (27 bytes)
Event: 1251.526 Thread 0x00000241d61209c0 nmethod 6195 0x00000241c566d608 code [0x00000241c566d700, 0x00000241c566d990]
Event: 1265.422 Thread 0x00000241d61209c0 6196       3       java.util.concurrent.locks.AbstractQueuedSynchronizer$Node::getAndUnsetStatus (14 bytes)
Event: 1265.423 Thread 0x00000241d61209c0 nmethod 6196 0x00000241c566da08 code [0x00000241c566db00, 0x00000241c566de80]
Event: 1311.534 Thread 0x00000241d61209c0 6197       1       org.eclipse.jdt.ls.core.internal.LanguageServerApplication::getParentProcessId (5 bytes)
Event: 1311.534 Thread 0x00000241d61209c0 nmethod 6197 0x00000241cca63708 code [0x00000241cca63800, 0x00000241cca638b8]
Event: 1408.906 Thread 0x00000241d61209c0 6198       1       org.eclipse.core.internal.jobs.JobManager::isActive (5 bytes)
Event: 1408.907 Thread 0x00000241d61209c0 nmethod 6198 0x00000241cca63a08 code [0x00000241cca63b00, 0x00000241cca63bb8]

GC Heap Usage History (18 events):
Event: 3.253 {heap Before GC invocations=1 (full 0):
 PSYoungGen      total 29696K, used 25600K [0x00000000d5580000, 0x00000000d7680000, 0x0000000100000000)
  eden space 25600K, 100% used [0x00000000d5d80000,0x00000000d7680000,0x00000000d7680000)
  from space 4096K, 0% used [0x00000000d5980000,0x00000000d5980000,0x00000000d5d80000)
  to   space 4096K, 0% used [0x00000000d5580000,0x00000000d5580000,0x00000000d5980000)
 ParOldGen       total 68608K, used 1187K [0x0000000080000000, 0x0000000084300000, 0x00000000d5580000)
  object space 68608K, 1% used [0x0000000080000000,0x0000000080128eb0,0x0000000084300000)
}
Event: 3.264 {heap After GC invocations=1 (full 0):
 PSYoungGen      total 55296K, used 3008K [0x00000000d5580000, 0x00000000d8f80000, 0x0000000100000000)
  eden space 51200K, 0% used [0x00000000d5d80000,0x00000000d5d80000,0x00000000d8f80000)
  from space 4096K, 73% used [0x00000000d5580000,0x00000000d58700c8,0x00000000d5980000)
  to   space 4096K, 0% used [0x00000000d5980000,0x00000000d5980000,0x00000000d5d80000)
 ParOldGen       total 68608K, used 1195K [0x0000000080000000, 0x0000000084300000, 0x00000000d5580000)
  object space 68608K, 1% used [0x0000000080000000,0x000000008012aeb0,0x0000000084300000)
}
Event: 18.432 {heap Before GC invocations=2 (full 0):
 PSYoungGen      total 55296K, used 54208K [0x00000000d5580000, 0x00000000d8f80000, 0x0000000100000000)
  eden space 51200K, 100% used [0x00000000d5d80000,0x00000000d8f80000,0x00000000d8f80000)
  from space 4096K, 73% used [0x00000000d5580000,0x00000000d58700c8,0x00000000d5980000)
  to   space 4096K, 0% used [0x00000000d5980000,0x00000000d5980000,0x00000000d5d80000)
 ParOldGen       total 68608K, used 1195K [0x0000000080000000, 0x0000000084300000, 0x00000000d5580000)
  object space 68608K, 1% used [0x0000000080000000,0x000000008012aeb0,0x0000000084300000)
}
Event: 18.441 {heap After GC invocations=2 (full 0):
 PSYoungGen      total 55296K, used 4077K [0x00000000d5580000, 0x00000000d8f80000, 0x0000000100000000)
  eden space 51200K, 0% used [0x00000000d5d80000,0x00000000d5d80000,0x00000000d8f80000)
  from space 4096K, 99% used [0x00000000d5980000,0x00000000d5d7b7c0,0x00000000d5d80000)
  to   space 4096K, 0% used [0x00000000d5580000,0x00000000d5580000,0x00000000d5980000)
 ParOldGen       total 68608K, used 4557K [0x0000000080000000, 0x0000000084300000, 0x00000000d5580000)
  object space 68608K, 6% used [0x0000000080000000,0x00000000804734a0,0x0000000084300000)
}
Event: 28.044 {heap Before GC invocations=3 (full 0):
 PSYoungGen      total 55296K, used 55277K [0x00000000d5580000, 0x00000000d8f80000, 0x0000000100000000)
  eden space 51200K, 100% used [0x00000000d5d80000,0x00000000d8f80000,0x00000000d8f80000)
  from space 4096K, 99% used [0x00000000d5980000,0x00000000d5d7b7c0,0x00000000d5d80000)
  to   space 4096K, 0% used [0x00000000d5580000,0x00000000d5580000,0x00000000d5980000)
 ParOldGen       total 68608K, used 4557K [0x0000000080000000, 0x0000000084300000, 0x00000000d5580000)
  object space 68608K, 6% used [0x0000000080000000,0x00000000804734a0,0x0000000084300000)
}
Event: 28.053 {heap After GC invocations=3 (full 0):
 PSYoungGen      total 59904K, used 4087K [0x00000000d5580000, 0x00000000d9880000, 0x0000000100000000)
  eden space 51200K, 0% used [0x00000000d6680000,0x00000000d6680000,0x00000000d9880000)
  from space 8704K, 46% used [0x00000000d5580000,0x00000000d597de28,0x00000000d5e00000)
  to   space 8704K, 0% used [0x00000000d5e00000,0x00000000d5e00000,0x00000000d6680000)
 ParOldGen       total 68608K, used 7869K [0x0000000080000000, 0x0000000084300000, 0x00000000d5580000)
  object space 68608K, 11% used [0x0000000080000000,0x00000000807af5d8,0x0000000084300000)
}
Event: 29.447 {heap Before GC invocations=4 (full 0):
 PSYoungGen      total 59904K, used 55287K [0x00000000d5580000, 0x00000000d9880000, 0x0000000100000000)
  eden space 51200K, 100% used [0x00000000d6680000,0x00000000d9880000,0x00000000d9880000)
  from space 8704K, 46% used [0x00000000d5580000,0x00000000d597de28,0x00000000d5e00000)
  to   space 8704K, 0% used [0x00000000d5e00000,0x00000000d5e00000,0x00000000d6680000)
 ParOldGen       total 68608K, used 7869K [0x0000000080000000, 0x0000000084300000, 0x00000000d5580000)
  object space 68608K, 11% used [0x0000000080000000,0x00000000807af5d8,0x0000000084300000)
}
Event: 29.457 {heap After GC invocations=4 (full 0):
 PSYoungGen      total 59904K, used 6123K [0x00000000d5580000, 0x00000000d9880000, 0x0000000100000000)
  eden space 51200K, 0% used [0x00000000d6680000,0x00000000d6680000,0x00000000d9880000)
  from space 8704K, 70% used [0x00000000d5e00000,0x00000000d63fae40,0x00000000d6680000)
  to   space 8704K, 0% used [0x00000000d5580000,0x00000000d5580000,0x00000000d5e00000)
 ParOldGen       total 68608K, used 7877K [0x0000000080000000, 0x0000000084300000, 0x00000000d5580000)
  object space 68608K, 11% used [0x0000000080000000,0x00000000807b15d8,0x0000000084300000)
}
Event: 29.581 {heap Before GC invocations=5 (full 1):
 PSYoungGen      total 59904K, used 12587K [0x00000000d5580000, 0x00000000d9880000, 0x0000000100000000)
  eden space 51200K, 12% used [0x00000000d6680000,0x00000000d6ccfec0,0x00000000d9880000)
  from space 8704K, 70% used [0x00000000d5e00000,0x00000000d63fae40,0x00000000d6680000)
  to   space 8704K, 0% used [0x00000000d5580000,0x00000000d5580000,0x00000000d5e00000)
 ParOldGen       total 68608K, used 7877K [0x0000000080000000, 0x0000000084300000, 0x00000000d5580000)
  object space 68608K, 11% used [0x0000000080000000,0x00000000807b15d8,0x0000000084300000)
}
Event: 29.609 {heap After GC invocations=5 (full 1):
 PSYoungGen      total 59904K, used 0K [0x00000000d5580000, 0x00000000d9880000, 0x0000000100000000)
  eden space 51200K, 0% used [0x00000000d6680000,0x00000000d6680000,0x00000000d9880000)
  from space 8704K, 0% used [0x00000000d5e00000,0x00000000d5e00000,0x00000000d6680000)
  to   space 8704K, 0% used [0x00000000d5580000,0x00000000d5580000,0x00000000d5e00000)
 ParOldGen       total 68608K, used 14290K [0x0000000080000000, 0x0000000084300000, 0x00000000d5580000)
  object space 68608K, 20% used [0x0000000080000000,0x0000000080df4868,0x0000000084300000)
}
Event: 30.335 {heap Before GC invocations=6 (full 1):
 PSYoungGen      total 59904K, used 51200K [0x00000000d5580000, 0x00000000d9880000, 0x0000000100000000)
  eden space 51200K, 100% used [0x00000000d6680000,0x00000000d9880000,0x00000000d9880000)
  from space 8704K, 0% used [0x00000000d5e00000,0x00000000d5e00000,0x00000000d6680000)
  to   space 8704K, 0% used [0x00000000d5580000,0x00000000d5580000,0x00000000d5e00000)
 ParOldGen       total 68608K, used 14290K [0x0000000080000000, 0x0000000084300000, 0x00000000d5580000)
  object space 68608K, 20% used [0x0000000080000000,0x0000000080df4868,0x0000000084300000)
}
Event: 30.337 {heap After GC invocations=6 (full 1):
 PSYoungGen      total 59904K, used 2387K [0x00000000d5580000, 0x00000000d9880000, 0x0000000100000000)
  eden space 51200K, 0% used [0x00000000d6680000,0x00000000d6680000,0x00000000d9880000)
  from space 8704K, 27% used [0x00000000d5580000,0x00000000d57d4f78,0x00000000d5e00000)
  to   space 8704K, 0% used [0x00000000d5e00000,0x00000000d5e00000,0x00000000d6680000)
 ParOldGen       total 68608K, used 14298K [0x0000000080000000, 0x0000000084300000, 0x00000000d5580000)
  object space 68608K, 20% used [0x0000000080000000,0x0000000080df6868,0x0000000084300000)
}
Event: 31.169 {heap Before GC invocations=7 (full 1):
 PSYoungGen      total 59904K, used 53587K [0x00000000d5580000, 0x00000000d9880000, 0x0000000100000000)
  eden space 51200K, 100% used [0x00000000d6680000,0x00000000d9880000,0x00000000d9880000)
  from space 8704K, 27% used [0x00000000d5580000,0x00000000d57d4f78,0x00000000d5e00000)
  to   space 8704K, 0% used [0x00000000d5e00000,0x00000000d5e00000,0x00000000d6680000)
 ParOldGen       total 68608K, used 14298K [0x0000000080000000, 0x0000000084300000, 0x00000000d5580000)
  object space 68608K, 20% used [0x0000000080000000,0x0000000080df6868,0x0000000084300000)
}
Event: 31.175 {heap After GC invocations=7 (full 1):
 PSYoungGen      total 59904K, used 4836K [0x00000000d5580000, 0x00000000d9880000, 0x0000000100000000)
  eden space 51200K, 0% used [0x00000000d6680000,0x00000000d6680000,0x00000000d9880000)
  from space 8704K, 55% used [0x00000000d5e00000,0x00000000d62b9108,0x00000000d6680000)
  to   space 8704K, 0% used [0x00000000d5580000,0x00000000d5580000,0x00000000d5e00000)
 ParOldGen       total 68608K, used 14306K [0x0000000080000000, 0x0000000084300000, 0x00000000d5580000)
  object space 68608K, 20% used [0x0000000080000000,0x0000000080df8868,0x0000000084300000)
}
Event: 31.440 {heap Before GC invocations=8 (full 2):
 PSYoungGen      total 59904K, used 35149K [0x00000000d5580000, 0x00000000d9880000, 0x0000000100000000)
  eden space 51200K, 59% used [0x00000000d6680000,0x00000000d841a518,0x00000000d9880000)
  from space 8704K, 55% used [0x00000000d5e00000,0x00000000d62b9108,0x00000000d6680000)
  to   space 8704K, 0% used [0x00000000d5580000,0x00000000d5580000,0x00000000d5e00000)
 ParOldGen       total 68608K, used 14306K [0x0000000080000000, 0x0000000084300000, 0x00000000d5580000)
  object space 68608K, 20% used [0x0000000080000000,0x0000000080df8868,0x0000000084300000)
}
Event: 31.473 {heap After GC invocations=8 (full 2):
 PSYoungGen      total 59904K, used 0K [0x00000000d5580000, 0x00000000d9880000, 0x0000000100000000)
  eden space 51200K, 0% used [0x00000000d6680000,0x00000000d6680000,0x00000000d9880000)
  from space 8704K, 0% used [0x00000000d5e00000,0x00000000d5e00000,0x00000000d6680000)
  to   space 8704K, 0% used [0x00000000d5580000,0x00000000d5580000,0x00000000d5e00000)
 ParOldGen       total 68608K, used 20876K [0x0000000080000000, 0x0000000084300000, 0x00000000d5580000)
  object space 68608K, 30% used [0x0000000080000000,0x00000000814631e8,0x0000000084300000)
}
Event: 32.429 {heap Before GC invocations=9 (full 2):
 PSYoungGen      total 59904K, used 51200K [0x00000000d5580000, 0x00000000d9880000, 0x0000000100000000)
  eden space 51200K, 100% used [0x00000000d6680000,0x00000000d9880000,0x00000000d9880000)
  from space 8704K, 0% used [0x00000000d5e00000,0x00000000d5e00000,0x00000000d6680000)
  to   space 8704K, 0% used [0x00000000d5580000,0x00000000d5580000,0x00000000d5e00000)
 ParOldGen       total 68608K, used 20876K [0x0000000080000000, 0x0000000084300000, 0x00000000d5580000)
  object space 68608K, 30% used [0x0000000080000000,0x00000000814631e8,0x0000000084300000)
}
Event: 32.431 {heap After GC invocations=9 (full 2):
 PSYoungGen      total 59904K, used 2182K [0x00000000d5580000, 0x00000000d9880000, 0x0000000100000000)
  eden space 51200K, 0% used [0x00000000d6680000,0x00000000d6680000,0x00000000d9880000)
  from space 8704K, 25% used [0x00000000d5580000,0x00000000d57a1930,0x00000000d5e00000)
  to   space 8704K, 0% used [0x00000000d5e00000,0x00000000d5e00000,0x00000000d6680000)
 ParOldGen       total 68608K, used 20884K [0x0000000080000000, 0x0000000084300000, 0x00000000d5580000)
  object space 68608K, 30% used [0x0000000080000000,0x00000000814651e8,0x0000000084300000)
}

Metaspace Usage History (18 events):
Event: 3.253 {metaspace Before GC invocations=1 (full 0):
 Metaspace       used 4257K, committed 4544K, reserved 1114112K
  class space    used 438K, committed 576K, reserved 1048576K
}
Event: 3.264 {metaspace After GC invocations=1 (full 0):
 Metaspace       used 4257K, committed 4544K, reserved 1114112K
  class space    used 438K, committed 576K, reserved 1048576K
}
Event: 18.432 {metaspace Before GC invocations=2 (full 0):
 Metaspace       used 8974K, committed 9344K, reserved 1114112K
  class space    used 927K, committed 1088K, reserved 1048576K
}
Event: 18.441 {metaspace After GC invocations=2 (full 0):
 Metaspace       used 8974K, committed 9344K, reserved 1114112K
  class space    used 927K, committed 1088K, reserved 1048576K
}
Event: 28.044 {metaspace Before GC invocations=3 (full 0):
 Metaspace       used 14305K, committed 14848K, reserved 1114112K
  class space    used 1470K, committed 1728K, reserved 1048576K
}
Event: 28.053 {metaspace After GC invocations=3 (full 0):
 Metaspace       used 14305K, committed 14848K, reserved 1114112K
  class space    used 1470K, committed 1728K, reserved 1048576K
}
Event: 29.447 {metaspace Before GC invocations=4 (full 0):
 Metaspace       used 20249K, committed 20992K, reserved 1114112K
  class space    used 2150K, committed 2432K, reserved 1048576K
}
Event: 29.457 {metaspace After GC invocations=4 (full 0):
 Metaspace       used 20249K, committed 20992K, reserved 1114112K
  class space    used 2150K, committed 2432K, reserved 1048576K
}
Event: 29.581 {metaspace Before GC invocations=5 (full 1):
 Metaspace       used 20831K, committed 21504K, reserved 1114112K
  class space    used 2210K, committed 2496K, reserved 1048576K
}
Event: 29.609 {metaspace After GC invocations=5 (full 1):
 Metaspace       used 20818K, committed 21504K, reserved 1114112K
  class space    used 2206K, committed 2496K, reserved 1048576K
}
Event: 30.335 {metaspace Before GC invocations=6 (full 1):
 Metaspace       used 26409K, committed 27072K, reserved 1114112K
  class space    used 2626K, committed 2880K, reserved 1048576K
}
Event: 30.337 {metaspace After GC invocations=6 (full 1):
 Metaspace       used 26409K, committed 27072K, reserved 1114112K
  class space    used 2626K, committed 2880K, reserved 1048576K
}
Event: 31.169 {metaspace Before GC invocations=7 (full 1):
 Metaspace       used 32470K, committed 33280K, reserved 1114112K
  class space    used 3374K, committed 3648K, reserved 1048576K
}
Event: 31.175 {metaspace After GC invocations=7 (full 1):
 Metaspace       used 32470K, committed 33280K, reserved 1114112K
  class space    used 3374K, committed 3648K, reserved 1048576K
}
Event: 31.440 {metaspace Before GC invocations=8 (full 2):
 Metaspace       used 35035K, committed 35840K, reserved 1114112K
  class space    used 3719K, committed 4032K, reserved 1048576K
}
Event: 31.473 {metaspace After GC invocations=8 (full 2):
 Metaspace       used 35021K, committed 35840K, reserved 1114112K
  class space    used 3714K, committed 4032K, reserved 1048576K
}
Event: 32.429 {metaspace Before GC invocations=9 (full 2):
 Metaspace       used 40281K, committed 41280K, reserved 1114112K
  class space    used 4423K, committed 4800K, reserved 1048576K
}
Event: 32.431 {metaspace After GC invocations=9 (full 2):
 Metaspace       used 40281K, committed 41280K, reserved 1114112K
  class space    used 4423K, committed 4800K, reserved 1048576K
}

Dll operation events (20 events):
Event: 0.029 Attempting to load shared library C:\Users\ASUS\Downloads\jdk-26_windows-x64_bin\jdk-26.0.2\bin\java.dll
Event: 0.029 Loaded shared library C:\Users\ASUS\Downloads\jdk-26_windows-x64_bin\jdk-26.0.2\bin\java.dll
Event: 0.226 Attempting to load shared library C:\Users\ASUS\Downloads\jdk-26_windows-x64_bin\jdk-26.0.2\bin\zip.dll
Event: 0.227 Loaded shared library C:\Users\ASUS\Downloads\jdk-26_windows-x64_bin\jdk-26.0.2\bin\zip.dll
Event: 0.234 Attempting to load shared library C:\Users\ASUS\Downloads\jdk-26_windows-x64_bin\jdk-26.0.2\bin\instrument.dll
Event: 0.234 Loaded shared library C:\Users\ASUS\Downloads\jdk-26_windows-x64_bin\jdk-26.0.2\bin\instrument.dll
Event: 0.244 Attempting to load shared library C:\Users\ASUS\Downloads\jdk-26_windows-x64_bin\jdk-26.0.2\bin\net.dll
Event: 0.244 Loaded shared library C:\Users\ASUS\Downloads\jdk-26_windows-x64_bin\jdk-26.0.2\bin\net.dll
Event: 0.250 Attempting to load shared library C:\Users\ASUS\Downloads\jdk-26_windows-x64_bin\jdk-26.0.2\bin\nio.dll
Event: 0.250 Loaded shared library C:\Users\ASUS\Downloads\jdk-26_windows-x64_bin\jdk-26.0.2\bin\nio.dll
Event: 0.258 Attempting to load shared library C:\Users\ASUS\Downloads\jdk-26_windows-x64_bin\jdk-26.0.2\bin\zip.dll
Event: 0.258 Loaded shared library C:\Users\ASUS\Downloads\jdk-26_windows-x64_bin\jdk-26.0.2\bin\zip.dll
Event: 0.329 Attempting to load shared library C:\Users\ASUS\Downloads\jdk-26_windows-x64_bin\jdk-26.0.2\bin\jimage.dll
Event: 0.329 Loaded shared library C:\Users\ASUS\Downloads\jdk-26_windows-x64_bin\jdk-26.0.2\bin\jimage.dll
Event: 0.665 Attempting to load shared library C:\Users\ASUS\Downloads\jdk-26_windows-x64_bin\jdk-26.0.2\bin\verify.dll
Event: 0.665 Loaded shared library C:\Users\ASUS\Downloads\jdk-26_windows-x64_bin\jdk-26.0.2\bin\verify.dll
Event: 15.501 Attempting to load shared library C:\Users\ASUS\AppData\Roaming\Code\User\globalStorage\redhat.java\1.56.0\config_win\org.eclipse.equinox.launcher\org.eclipse.equinox.launcher.win32.win32.x86_64_1.3.100.v20260804-1928\eclipse_11924.dll
Event: 15.590 Loaded shared library C:\Users\ASUS\AppData\Roaming\Code\User\globalStorage\redhat.java\1.56.0\config_win\org.eclipse.equinox.launcher\org.eclipse.equinox.launcher.win32.win32.x86_64_1.3.100.v20260804-1928\eclipse_11924.dll
Event: 28.498 Attempting to load shared library C:\Users\ASUS\AppData\Local\Temp\jna-79765887\jna16830113930936668368.dll
Event: 28.594 Loaded shared library C:\Users\ASUS\AppData\Local\Temp\jna-79765887\jna16830113930936668368.dll

Deoptimization events (20 events):
Event: 35.134 Thread 0x00000241dc9027b0 DEOPT PACKING pc=0x00000241cc8b3ef0 sp=0x000000efff0fed00
Event: 35.134 Thread 0x00000241dc9027b0 DEOPT UNPACKING pc=0x00000241cc3d9402 sp=0x000000efff0fec98 mode 2
Event: 35.148 Thread 0x00000241dc9027b0 Uncommon trap: trap_request=0xffffff45 fr.pc=0x00000241cc8e16c4 relative=0x00000000000001c4
Event: 35.148 Thread 0x00000241dc9027b0 Uncommon trap: reason=unstable_if action=reinterpret pc=0x00000241cc8e16c4 method=java.util.HashMap.getNode(Ljava/lang/Object;)Ljava/util/HashMap$Node; @ 131 c2
Event: 35.148 Thread 0x00000241dc9027b0 DEOPT PACKING pc=0x00000241cc8e16c4 sp=0x000000efff0feef0
Event: 35.148 Thread 0x00000241dc9027b0 DEOPT UNPACKING pc=0x00000241cc3d9402 sp=0x000000efff0fee00 mode 2
Event: 35.148 Thread 0x00000241dc9027b0 Uncommon trap: trap_request=0xffffff45 fr.pc=0x00000241cc8dfa88 relative=0x0000000000000208
Event: 35.148 Thread 0x00000241dc9027b0 Uncommon trap: reason=unstable_if action=reinterpret pc=0x00000241cc8dfa88 method=java.util.HashMap.getNode(Ljava/lang/Object;)Ljava/util/HashMap$Node; @ 131 c2
Event: 35.148 Thread 0x00000241dc9027b0 DEOPT PACKING pc=0x00000241cc8dfa88 sp=0x000000efff0fee10
Event: 35.148 Thread 0x00000241dc9027b0 DEOPT UNPACKING pc=0x00000241cc3d9402 sp=0x000000efff0fed90 mode 2
Event: 35.160 Thread 0x00000241dc9027b0 Uncommon trap: trap_request=0xffffff45 fr.pc=0x00000241cca569b8 relative=0x00000000000002b8
Event: 35.160 Thread 0x00000241dc9027b0 Uncommon trap: reason=unstable_if action=reinterpret pc=0x00000241cca569b8 method=java.io.BufferedOutputStream.write(I)V @ 14 c2
Event: 35.160 Thread 0x00000241dc9027b0 DEOPT PACKING pc=0x00000241cca569b8 sp=0x000000efff0fed60
Event: 35.160 Thread 0x00000241dc9027b0 DEOPT UNPACKING pc=0x00000241cc3d9402 sp=0x000000efff0fed08 mode 2
Event: 35.272 Thread 0x00000241dc9027b0 DEOPT PACKING pc=0x00000241c527a604 sp=0x000000efff0feac0
Event: 35.272 Thread 0x00000241dc9027b0 DEOPT UNPACKING pc=0x00000241cc311a02 sp=0x000000efff0fdfa8 mode 0
Event: 328.852 Thread 0x00000241df7c8600 Uncommon trap: trap_request=0xffffff45 fr.pc=0x00000241cca5a194 relative=0x0000000000000614
Event: 328.852 Thread 0x00000241df7c8600 Uncommon trap: reason=unstable_if action=reinterpret pc=0x00000241cca5a194 method=java.util.HashMap.putVal(ILjava/lang/Object;Ljava/lang/Object;ZZ)Ljava/lang/Object; @ 236 c2
Event: 328.852 Thread 0x00000241df7c8600 DEOPT PACKING pc=0x00000241cca5a194 sp=0x000000ef803feac0
Event: 328.852 Thread 0x00000241df7c8600 DEOPT UNPACKING pc=0x00000241cc3d9402 sp=0x000000ef803fea38 mode 2

Classes loaded (20 events):
Event: 35.248 Loading class sun/util/resources/OpenListResourceBundle$1
Event: 35.248 Loading class sun/util/resources/OpenListResourceBundle$1 done
Event: 35.248 Loading class sun/util/resources/OpenListResourceBundle$2
Event: 35.248 Loading class sun/util/resources/OpenListResourceBundle$2 done
Event: 35.249 Loading class sun/util/resources/cldr/TimeZoneNames_en
Event: 35.251 Loading class sun/util/resources/cldr/TimeZoneNames_en done
Event: 35.251 Loading class sun/util/resources/cldr/TimeZoneNames_en_US
Event: 35.251 Loading class sun/util/resources/cldr/TimeZoneNames_en_US done
Event: 35.254 Loading class sun/util/cldr/CLDRBaseLocaleDataMetaInfo$CLDRMapHolder
Event: 35.256 Loading class sun/util/cldr/CLDRBaseLocaleDataMetaInfo$CLDRMapHolder done
Event: 35.260 Loading class java/util/ReverseOrderListView
Event: 35.261 Loading class java/util/ReverseOrderListView done
Event: 35.261 Loading class java/util/ReverseOrderListView$Rand
Event: 35.261 Loading class java/util/ReverseOrderListView$Rand done
Event: 35.262 Loading class java/util/ReverseOrderListView$DescendingIterator
Event: 35.263 Loading class java/util/ReverseOrderListView$DescendingIterator done
Event: 35.263 Loading class java/util/Collections$UnmodifiableList$1
Event: 35.263 Loading class java/util/Collections$UnmodifiableList$1 done
Event: 35.264 Loading class java/lang/invoke/TypeConvertingMethodAdapter$BoxHolder
Event: 35.264 Loading class java/lang/invoke/TypeConvertingMethodAdapter$BoxHolder done

Classes unloaded (15 events):
Event: 29.588 Thread 0x00000241d6101a50 Unloading class 0x0000000034192400 'java/lang/invoke/LambdaForm$MH+0x0000000034192400'
Event: 29.588 Thread 0x00000241d6101a50 Unloading class 0x0000000034192000 'java/lang/invoke/LambdaForm$MH+0x0000000034192000'
Event: 29.588 Thread 0x00000241d6101a50 Unloading class 0x0000000034191c00 'java/lang/invoke/LambdaForm$MH+0x0000000034191c00'
Event: 29.588 Thread 0x00000241d6101a50 Unloading class 0x0000000034191800 'java/lang/invoke/LambdaForm$MH+0x0000000034191800'
Event: 29.588 Thread 0x00000241d6101a50 Unloading class 0x0000000034191400 'java/lang/invoke/LambdaForm$BMH+0x0000000034191400'
Event: 29.588 Thread 0x00000241d6101a50 Unloading class 0x0000000034191000 'java/lang/invoke/LambdaForm$DMH+0x0000000034191000'
Event: 29.588 Thread 0x00000241d6101a50 Unloading class 0x000000003418fc00 'java/lang/invoke/LambdaForm$DMH+0x000000003418fc00'
Event: 31.448 Thread 0x00000241d6101a50 Unloading class 0x0000000034301c00 'java/lang/invoke/LambdaForm$MH+0x0000000034301c00'
Event: 31.448 Thread 0x00000241d6101a50 Unloading class 0x0000000034301400 'java/lang/invoke/LambdaForm$MH+0x0000000034301400'
Event: 31.448 Thread 0x00000241d6101a50 Unloading class 0x0000000034301000 'java/lang/invoke/LambdaForm$MH+0x0000000034301000'
Event: 31.448 Thread 0x00000241d6101a50 Unloading class 0x0000000034300800 'java/lang/invoke/LambdaForm$MH+0x0000000034300800'
Event: 31.448 Thread 0x00000241d6101a50 Unloading class 0x00000000342fbc00 'java/lang/invoke/LambdaForm$DMH+0x00000000342fbc00'
Event: 31.448 Thread 0x00000241d6101a50 Unloading class 0x00000000342fb400 'java/lang/invoke/LambdaForm$DMH+0x00000000342fb400'
Event: 31.448 Thread 0x00000241d6101a50 Unloading class 0x00000000342fac00 'java/lang/invoke/LambdaForm$DMH+0x00000000342fac00'
Event: 31.448 Thread 0x00000241d6101a50 Unloading class 0x00000000342fa400 'java/lang/invoke/LambdaForm$MH+0x00000000342fa400'

Classes redefined (0 events):
No events

Internal exceptions (20 events):
Event: 33.234 Thread 0x00000241dd4f46c0 Exception <a 'sun/nio/fs/WindowsException'{0x00000000d7daa388}> (0x00000000d7daa388) 
thrown [s\open\src\hotspot\share\prims\jni.cpp, line 514]
Event: 33.234 Thread 0x00000241dd4f46c0 Exception <a 'sun/nio/fs/WindowsException'{0x00000000d7daaac8}> (0x00000000d7daaac8) 
thrown [s\open\src\hotspot\share\prims\jni.cpp, line 514]
Event: 33.250 Thread 0x00000241dd4f46c0 Exception <a 'sun/nio/fs/WindowsException'{0x00000000d7dc0030}> (0x00000000d7dc0030) 
thrown [s\open\src\hotspot\share\prims\jni.cpp, line 514]
Event: 33.250 Thread 0x00000241dd4f46c0 Exception <a 'sun/nio/fs/WindowsException'{0x00000000d7dc0770}> (0x00000000d7dc0770) 
thrown [s\open\src\hotspot\share\prims\jni.cpp, line 514]
Event: 33.262 Thread 0x00000241dd4f46c0 Exception <a 'sun/nio/fs/WindowsException'{0x00000000d7e052e8}> (0x00000000d7e052e8) 
thrown [s\open\src\hotspot\share\prims\jni.cpp, line 514]
Event: 33.262 Thread 0x00000241dd4f46c0 Exception <a 'sun/nio/fs/WindowsException'{0x00000000d7e05a28}> (0x00000000d7e05a28) 
thrown [s\open\src\hotspot\share\prims\jni.cpp, line 514]
Event: 33.263 Thread 0x00000241dd4f46c0 Exception <a 'sun/nio/fs/WindowsException'{0x00000000d7e07128}> (0x00000000d7e07128) 
thrown [s\open\src\hotspot\share\prims\jni.cpp, line 514]
Event: 33.263 Thread 0x00000241dd4f46c0 Exception <a 'sun/nio/fs/WindowsException'{0x00000000d7e07838}> (0x00000000d7e07838) 
thrown [s\open\src\hotspot\share\prims\jni.cpp, line 514]
Event: 33.264 Thread 0x00000241dd4f46c0 Exception <a 'sun/nio/fs/WindowsException'{0x00000000d7e083e8}> (0x00000000d7e083e8) 
thrown [s\open\src\hotspot\share\prims\jni.cpp, line 514]
Event: 33.264 Thread 0x00000241dd4f46c0 Exception <a 'sun/nio/fs/WindowsException'{0x00000000d7e08af8}> (0x00000000d7e08af8) 
thrown [s\open\src\hotspot\share\prims\jni.cpp, line 514]
Event: 33.264 Thread 0x00000241dd4f46c0 Exception <a 'sun/nio/fs/WindowsException'{0x00000000d7e09708}> (0x00000000d7e09708) 
thrown [s\open\src\hotspot\share\prims\jni.cpp, line 514]
Event: 33.264 Thread 0x00000241dd4f46c0 Exception <a 'sun/nio/fs/WindowsException'{0x00000000d7e0a070}> (0x00000000d7e0a070) 
thrown [s\open\src\hotspot\share\prims\jni.cpp, line 514]
Event: 33.266 Thread 0x00000241dd4f46c0 Exception <a 'sun/nio/fs/WindowsException'{0x00000000d7e0bbd0}> (0x00000000d7e0bbd0) 
thrown [s\open\src\hotspot\share\prims\jni.cpp, line 514]
Event: 33.266 Thread 0x00000241dd4f46c0 Exception <a 'sun/nio/fs/WindowsException'{0x00000000d7e0c2e0}> (0x00000000d7e0c2e0) 
thrown [s\open\src\hotspot\share\prims\jni.cpp, line 514]
Event: 33.269 Thread 0x00000241dd4f46c0 Exception <a 'java/lang/NoSuchMethodError'{0x00000000d7e20918}: 'void java.lang.invoke.DirectMethodHandle$Holder.invokeVirtual(java.lang.Object, java.lang.Object, java.lang.Object, java.lang.Object)'> (0x00000000d7e20918) 
thrown [s\open\src\hotspot\share\interpreter\linkResolver.cpp, line 804]
Event: 33.383 Thread 0x00000241dd4f46c0 Exception <a 'sun/nio/fs/WindowsException'{0x00000000d8131ce0}> (0x00000000d8131ce0) 
thrown [s\open\src\hotspot\share\prims\jni.cpp, line 514]
Event: 33.400 Thread 0x00000241dd4f46c0 Exception <a 'java/io/FileNotFoundException'{0x00000000d81af5d0}> (0x00000000d81af5d0) 
thrown [s\open\src\hotspot\share\prims\jni.cpp, line 514]
Event: 33.401 Thread 0x00000241dd4f46c0 Exception <a 'java/io/FileNotFoundException'{0x00000000d81b0cc8}> (0x00000000d81b0cc8) 
thrown [s\open\src\hotspot\share\prims\jni.cpp, line 514]
Event: 33.404 Thread 0x00000241dd4f46c0 Exception <a 'java/lang/NoSuchMethodError'{0x00000000d81c3ed8}: 'java.lang.Object java.lang.invoke.DirectMethodHandle$Holder.newInvokeSpecial(java.lang.Object, java.lang.Object, java.lang.Object, int)'> (0x00000000d81c3ed8) 
thrown [s\open\src\hotspot\share\interpreter\linkResolver.cpp, line 804]
Event: 33.404 Thread 0x00000241dd4f46c0 Exception <a 'java/lang/NoSuchMethodError'{0x00000000d81d0418}: 'java.lang.Object java.lang.invoke.Invokers$Holder.linkToTargetMethod(java.lang.Object, java.lang.Object, int, java.lang.Object)'> (0x00000000d81d0418) 
thrown [s\open\src\hotspot\share\interpreter\linkResolver.cpp, line 804]

VM Operations (20 events):
Event: 1202.810 Executing non-safepoint VM operation: HandshakeAllThreads (DeflationHandshakeClosure)
Event: 1202.810 Executing non-safepoint VM operation: HandshakeAllThreads (DeflationHandshakeClosure) done
Event: 1202.810 Executing non-safepoint VM operation: RendezvousGCThreads
Event: 1202.810 Executing non-safepoint VM operation: RendezvousGCThreads done
Event: 1262.985 Executing non-safepoint VM operation: HandshakeAllThreads (DeflationHandshakeClosure)
Event: 1262.985 Executing non-safepoint VM operation: HandshakeAllThreads (DeflationHandshakeClosure) done
Event: 1262.985 Executing non-safepoint VM operation: RendezvousGCThreads
Event: 1262.985 Executing non-safepoint VM operation: RendezvousGCThreads done
Event: 1323.100 Executing non-safepoint VM operation: HandshakeAllThreads (DeflationHandshakeClosure)
Event: 1323.100 Executing non-safepoint VM operation: HandshakeAllThreads (DeflationHandshakeClosure) done
Event: 1323.100 Executing non-safepoint VM operation: RendezvousGCThreads
Event: 1323.100 Executing non-safepoint VM operation: RendezvousGCThreads done
Event: 1383.219 Executing non-safepoint VM operation: HandshakeAllThreads (DeflationHandshakeClosure)
Event: 1383.220 Executing non-safepoint VM operation: HandshakeAllThreads (DeflationHandshakeClosure) done
Event: 1383.220 Executing non-safepoint VM operation: RendezvousGCThreads
Event: 1383.220 Executing non-safepoint VM operation: RendezvousGCThreads done
Event: 1443.341 Executing non-safepoint VM operation: HandshakeAllThreads (DeflationHandshakeClosure)
Event: 1443.341 Executing non-safepoint VM operation: HandshakeAllThreads (DeflationHandshakeClosure) done
Event: 1443.341 Executing non-safepoint VM operation: RendezvousGCThreads
Event: 1443.341 Executing non-safepoint VM operation: RendezvousGCThreads done

Memory protections (0 events):
No events

Nmethod flushes (20 events):
Event: 31.456 Thread 0x00000241d6101a50 flushing  nmethod 0x00000241c4fa2f08
Event: 31.456 Thread 0x00000241d6101a50 flushing  nmethod 0x00000241c4fa4a88
Event: 31.456 Thread 0x00000241d6101a50 flushing  nmethod 0x00000241c4fa4d88
Event: 31.456 Thread 0x00000241d6101a50 flushing  nmethod 0x00000241c4fd6408
Event: 31.456 Thread 0x00000241d6101a50 flushing  nmethod 0x00000241c5073408
Event: 31.456 Thread 0x00000241d6101a50 flushing  nmethod 0x00000241c507a388
Event: 31.456 Thread 0x00000241d6101a50 flushing  nmethod 0x00000241c509f408
Event: 31.456 Thread 0x00000241d6101a50 flushing  nmethod 0x00000241c50a9608
Event: 31.456 Thread 0x00000241d6101a50 flushing  nmethod 0x00000241c50a9908
Event: 31.456 Thread 0x00000241d6101a50 flushing  nmethod 0x00000241c50d0208
Event: 31.456 Thread 0x00000241d6101a50 flushing  nmethod 0x00000241c50d0508
Event: 31.456 Thread 0x00000241d6101a50 flushing  nmethod 0x00000241c50d8308
Event: 31.456 Thread 0x00000241d6101a50 flushing  nmethod 0x00000241c5150788
Event: 31.456 Thread 0x00000241d6101a50 flushing  nmethod 0x00000241c5152388
Event: 31.456 Thread 0x00000241d6101a50 flushing  nmethod 0x00000241c5154c08
Event: 31.456 Thread 0x00000241d6101a50 flushing  nmethod 0x00000241c5228088
Event: 31.456 Thread 0x00000241d6101a50 flushing  nmethod 0x00000241c5295608
Event: 31.456 Thread 0x00000241d6101a50 flushing  nmethod 0x00000241c5295c08
Event: 31.456 Thread 0x00000241d6101a50 flushing  nmethod 0x00000241c5296188
Event: 31.456 Thread 0x00000241d6101a50 flushing  nmethod 0x00000241c52d8608

Events (20 events):
Event: 33.435 Thread 0x00000241dd4f46c0 Thread added: 0x00000241e01b74b0
Event: 33.435 Thread 0x00000241dd4f46c0 Thread added: 0x00000241e01b5d40
Event: 33.435 Thread 0x00000241dd4f46c0 Thread added: 0x00000241e01b7c80
Event: 33.435 Thread 0x00000241e01b74b0 Thread added: 0x00000241e01b6ce0
Event: 33.436 Thread 0x00000241e01b5d40 Thread added: 0x00000241e01b4da0
Event: 35.095 Thread 0x00000241de3f1db0 Thread exited: 0x00000241de3f1db0
Event: 35.095 Thread 0x00000241bc0e4930 Thread exited: 0x00000241bc0e4930
Event: 35.135 Thread 0x00000241d61209c0 Thread added: 0x00000241de3f1db0
Event: 35.135 Thread 0x00000241d61209c0 Thread added: 0x00000241de3f8680
Event: 40.268 Thread 0x00000241de3f8680 Thread exited: 0x00000241de3f8680
Event: 45.268 Thread 0x00000241de3f1db0 Thread exited: 0x00000241de3f1db0
Event: 93.192 Thread 0x00000241d7d300b0 Thread exited: 0x00000241d7d300b0
Event: 93.431 Thread 0x00000241dd4fb420 Thread exited: 0x00000241dd4fb420
Event: 151.420 Thread 0x00000241dd4f6dd0 Thread exited: 0x00000241dd4f6dd0
Event: 153.197 Thread 0x00000241dd4f75a0 Thread exited: 0x00000241dd4f75a0
Event: 333.487 Thread 0x00000241e01b7c80 Thread exited: 0x00000241e01b7c80
Event: 333.507 Thread 0x00000241e01b74b0 Thread exited: 0x00000241e01b74b0
Event: 333.528 Thread 0x00000241e01b4da0 Thread exited: 0x00000241e01b4da0
Event: 333.549 Thread 0x00000241e01b5d40 Thread exited: 0x00000241e01b5d40
Event: 333.569 Thread 0x00000241e01b6ce0 Thread exited: 0x00000241e01b6ce0


Dynamic libraries:
0x00007ff661850000 - 0x00007ff661860000 	C:\Users\ASUS\Downloads\jdk-26_windows-x64_bin\jdk-26.0.2\bin\java.exe
0x00007ffb73680000 - 0x00007ffb738e7000 	C:\Windows\SYSTEM32\ntdll.dll
0x00007ffb72220000 - 0x00007ffb722eb000 	C:\Windows\System32\KERNEL32.DLL
0x00007ffb70c00000 - 0x00007ffb71002000 	C:\Windows\System32\KERNELBASE.dll
0x00007ffb710a0000 - 0x00007ffb711ec000 	C:\Windows\System32\ucrtbase.dll
0x00007ffb6b2a0000 - 0x00007ffb6b2b7000 	C:\Users\ASUS\Downloads\jdk-26_windows-x64_bin\jdk-26.0.2\bin\jli.dll
0x00007ffb649c0000 - 0x00007ffb649de000 	C:\Users\ASUS\Downloads\jdk-26_windows-x64_bin\jdk-26.0.2\bin\VCRUNTIME140.dll
0x00007ffb73460000 - 0x00007ffb7362f000 	C:\Windows\System32\USER32.dll
0x00007ffb5b5a0000 - 0x00007ffb5b830000 	C:\Windows\WinSxS\amd64_microsoft.windows.common-controls_6595b64144ccf1df_6.0.26100.9278_none_3e0d1ba8e3303201\COMCTL32.dll
0x00007ffb71200000 - 0x00007ffb71227000 	C:\Windows\System32\win32u.dll
0x00007ffb71400000 - 0x00007ffb714a9000 	C:\Windows\System32\msvcrt.dll
0x00007ffb71990000 - 0x00007ffb719bb000 	C:\Windows\System32\GDI32.dll
0x00007ffb70880000 - 0x00007ffb709a9000 	C:\Windows\System32\gdi32full.dll
0x00007ffb712f0000 - 0x00007ffb71393000 	C:\Windows\System32\msvcp_win.dll
0x00007ffb71c80000 - 0x00007ffb71cb1000 	C:\Windows\System32\IMM32.DLL
0x00007ffb6b1e0000 - 0x00007ffb6b1ec000 	C:\Users\ASUS\Downloads\jdk-26_windows-x64_bin\jdk-26.0.2\bin\vcruntime140_1.dll
0x00007ffb5f980000 - 0x00007ffb5fa0d000 	C:\Users\ASUS\Downloads\jdk-26_windows-x64_bin\jdk-26.0.2\bin\msvcp140.dll
0x00007ffaf4d70000 - 0x00007ffaf5c41000 	C:\Users\ASUS\Downloads\jdk-26_windows-x64_bin\jdk-26.0.2\bin\server\jvm.dll
0x00007ffb71cc0000 - 0x00007ffb71d7c000 	C:\Windows\System32\ADVAPI32.dll
0x00007ffb73390000 - 0x00007ffb73439000 	C:\Windows\System32\sechost.dll
0x00007ffb71690000 - 0x00007ffb717a8000 	C:\Windows\System32\RPCRT4.dll
0x00007ffb71540000 - 0x00007ffb715c0000 	C:\Windows\System32\WS2_32.dll
0x00007ffb61ce0000 - 0x00007ffb61ceb000 	C:\Windows\SYSTEM32\VERSION.dll
0x00007ffb661f0000 - 0x00007ffb66226000 	C:\Windows\SYSTEM32\WINMM.dll
0x00007ffb70700000 - 0x00007ffb7075e000 	C:\Windows\SYSTEM32\POWRPROF.dll
0x00007ffb706e0000 - 0x00007ffb706f5000 	C:\Windows\SYSTEM32\UMPDC.dll
0x00007ffb6f550000 - 0x00007ffb6f56b000 	C:\Windows\SYSTEM32\kernel.appcore.dll
0x00007ffb64b90000 - 0x00007ffb64b9a000 	C:\Users\ASUS\Downloads\jdk-26_windows-x64_bin\jdk-26.0.2\bin\jimage.dll
0x00007ffb6dde0000 - 0x00007ffb6e02c000 	C:\Windows\SYSTEM32\DBGHELP.DLL
0x00007ffb72720000 - 0x00007ffb72aa5000 	C:\Windows\System32\combase.dll
0x00007ffb72400000 - 0x00007ffb724d9000 	C:\Windows\System32\OLEAUT32.dll
0x00007ffb6b260000 - 0x00007ffb6b29b000 	C:\Windows\SYSTEM32\dbgcore.DLL
0x00007ffb71230000 - 0x00007ffb712dc000 	C:\Windows\System32\bcryptPrimitives.dll
0x00007ffb5fc30000 - 0x00007ffb5fc40000 	C:\Users\ASUS\Downloads\jdk-26_windows-x64_bin\jdk-26.0.2\bin\instrument.dll
0x00007ffb5fc10000 - 0x00007ffb5fc2f000 	C:\Users\ASUS\Downloads\jdk-26_windows-x64_bin\jdk-26.0.2\bin\java.dll
0x00007ffb719c0000 - 0x00007ffb71b5a000 	C:\Windows\System32\ole32.dll
0x00007ffb72b70000 - 0x00007ffb73308000 	C:\Windows\System32\SHELL32.dll
0x00007ffb6e2e0000 - 0x00007ffb6eb8e000 	C:\Windows\SYSTEM32\windows.storage.dll
0x00007ffb72300000 - 0x00007ffb723fb000 	C:\Windows\System32\SHCORE.dll
0x00007ffb71620000 - 0x00007ffb71686000 	C:\Windows\System32\shlwapi.dll
0x00007ffb707a0000 - 0x00007ffb707c9000 	C:\Windows\SYSTEM32\profapi.dll
0x00007ffb5fad0000 - 0x00007ffb5fae6000 	C:\Users\ASUS\Downloads\jdk-26_windows-x64_bin\jdk-26.0.2\bin\zip.dll
0x00007ffb5f960000 - 0x00007ffb5f972000 	C:\Users\ASUS\Downloads\jdk-26_windows-x64_bin\jdk-26.0.2\bin\net.dll
0x00007ffb6fb10000 - 0x00007ffb6fb7c000 	C:\Windows\system32\mswsock.dll
0x00007ffb5f770000 - 0x00007ffb5f786000 	C:\Users\ASUS\Downloads\jdk-26_windows-x64_bin\jdk-26.0.2\bin\nio.dll
0x00007ffb5f390000 - 0x00007ffb5f3a0000 	C:\Users\ASUS\Downloads\jdk-26_windows-x64_bin\jdk-26.0.2\bin\verify.dll
0x00007ffb5fc40000 - 0x00007ffb5fc85000 	C:\Users\ASUS\AppData\Roaming\Code\User\globalStorage\redhat.java\1.56.0\config_win\org.eclipse.equinox.launcher\org.eclipse.equinox.launcher.win32.win32.x86_64_1.3.100.v20260804-1928\eclipse_11924.dll
0x00007ffb6fe00000 - 0x00007ffb6fe1b000 	C:\Windows\SYSTEM32\CRYPTSP.dll
0x00007ffb6f4b0000 - 0x00007ffb6f4e9000 	C:\Windows\system32\rsaenh.dll
0x00007ffb6fbc0000 - 0x00007ffb6fbf4000 	C:\Windows\SYSTEM32\USERENV.dll
0x00007ffb70770000 - 0x00007ffb7079a000 	C:\Windows\SYSTEM32\bcrypt.dll
0x00007ffb6fe20000 - 0x00007ffb6fe2c000 	C:\Windows\SYSTEM32\CRYPTBASE.dll
0x00007ffb6ef00000 - 0x00007ffb6ef33000 	C:\Windows\SYSTEM32\IPHLPAPI.DLL
0x00007ffb722f0000 - 0x00007ffb722fa000 	C:\Windows\System32\NSI.dll
0x00007ffb5f2e0000 - 0x00007ffb5f329000 	C:\Users\ASUS\AppData\Local\Temp\jna-79765887\jna16830113930936668368.dll
0x00007ffb73450000 - 0x00007ffb73458000 	C:\Windows\System32\PSAPI.DLL
0x00007ffb65870000 - 0x00007ffb6599a000 	C:\Windows\SYSTEM32\winhttp.dll
0x00007ffb661c0000 - 0x00007ffb661dd000 	C:\Windows\SYSTEM32\dhcpcsvc6.DLL
0x00007ffb66190000 - 0x00007ffb661b5000 	C:\Windows\SYSTEM32\dhcpcsvc.DLL

JVMTI agents:
c:\Users\ASUS\.vscode\extensions\redhat.java-1.56.0-win32-x64\lombok\lombok-1.18.39-4050.jar path:C:\Users\ASUS\Downloads\jdk-26_windows-x64_bin\jdk-26.0.2\bin\instrument.dll, loaded, initialized, instrumentlib options:none

dbghelp: loaded successfully - version: 4.0.5 - missing functions: none
symbol engine: initialized successfully - sym options: 0x614 - pdb path: .;C:\Users\ASUS\Downloads\jdk-26_windows-x64_bin\jdk-26.0.2\bin;C:\Windows\SYSTEM32;C:\Windows\WinSxS\amd64_microsoft.windows.common-controls_6595b64144ccf1df_6.0.26100.9278_none_3e0d1ba8e3303201;C:\Users\ASUS\Downloads\jdk-26_windows-x64_bin\jdk-26.0.2\bin\server;C:\Users\ASUS\AppData\Roaming\Code\User\globalStorage\redhat.java\1.56.0\config_win\org.eclipse.equinox.launcher\org.eclipse.equinox.launcher.win32.win32.x86_64_1.3.100.v20260804-1928;C:\Users\ASUS\AppData\Local\Temp\jna-79765887

VM Arguments:
jvm_args: -Djdk.xml.maxGeneralEntitySizeLimit=0 -Djdk.xml.totalEntitySizeLimit=0 --add-modules=ALL-SYSTEM --add-opens=java.base/java.util=ALL-UNNAMED --add-opens=java.base/java.lang=ALL-UNNAMED --add-opens=java.base/sun.nio.fs=ALL-UNNAMED -Declipse.application=org.eclipse.jdt.ls.core.id1 -Dosgi.bundles.defaultStartLevel=4 -Declipse.product=org.eclipse.jdt.ls.core.product -Djava.import.generatesMetadataFilesAtProjectRoot=false -Dm2e.project.cache.size=50 -DDetectVMInstallationsJob.disabled=true -Dfile.encoding=utf8 -XX:+UseParallelGC -XX:GCTimeRatio=4 -XX:AdaptiveSizePolicyWeight=90 -Dsun.zip.disableMemoryMapping=true -Xmx2G -Xms100m -Xlog:disable -javaagent:c:\Users\ASUS\.vscode\extensions\redhat.java-1.56.0-win32-x64\lombok\lombok-1.18.39-4050.jar -XX:+HeapDumpOnOutOfMemoryError -XX:HeapDumpPath=c:\Users\ASUS\AppData\Roaming\Code\User\workspaceStorage\f1371b9cf793ad4376cc3e4581f32f59\redhat.java -Daether.dependencyCollector.impl=bf 
java_command: c:\Users\ASUS\.vscode\extensions\redhat.java-1.56.0-win32-x64\server\plugins\org.eclipse.equinox.launcher_1.8.0.v20260804-1928.jar -configuration c:\Users\ASUS\AppData\Roaming\Code\User\globalStorage\redhat.java\1.56.0\config_win -data c:\Users\ASUS\AppData\Roaming\Code\User\workspaceStorage\f1371b9cf793ad4376cc3e4581f32f59\redhat.java\jdt_ws --pipe=\\.\pipe\lsp-89d04b601ba156ba7bc85d5a57c1e07e-sock
java_class_path (initial): c:\Users\ASUS\.vscode\extensions\redhat.java-1.56.0-win32-x64\server\plugins\org.eclipse.equinox.launcher_1.8.0.v20260804-1928.jar
Launcher Type: SUN_STANDARD

[Global flags]
     bool AOTAdapterCaching                        = false                                  {diagnostic} {ergonomic}
     bool AOTInvokeDynamicLinking                  = false                                  {diagnostic} {ergonomic}
     bool AOTRecordTraining                        = false                                  {diagnostic} {ergonomic}
     bool AOTReplayTraining                        = false                                  {diagnostic} {ergonomic}
     bool AOTStubCaching                           = false                                  {diagnostic} {ergonomic}
     uint AdaptiveSizePolicyWeight                 = 90                                        {product} {command line}
     intx CICompilerCount                          = 4                                         {product} {ergonomic}
     uint GCTimeRatio                              = 4                                         {product} {command line}
     bool HeapDumpOnOutOfMemoryError               = true                                   {manageable} {command line}
    ccstr HeapDumpPath                             = c:\Users\ASUS\AppData\Roaming\Code\User\workspaceStorage\f1371b9cf793ad4376cc3e4581f32f59\redhat.java         {manageable} {command line}
   size_t InitialHeapSize                          = 104857600                                 {product} {command line}
     bool IntelJccErratumMitigation                = false                             {ARCH diagnostic} {ergonomic}
   size_t MaxHeapSize                              = 2147483648                                {product} {command line}
   size_t MaxNewSize                               = 715653120                                 {product} {ergonomic}
 uint64_t MaxRAM                                   = 16407719936                               {product} {ergonomic}
   size_t MinHeapDeltaBytes                        = 524288                                    {product} {ergonomic}
   size_t MinHeapSize                              = 104857600                                 {product} {command line}
   size_t NewSize                                  = 34603008                                  {product} {ergonomic}
   size_t NonNMethodCodeHeapSize                   = 5898240                                {pd product} {ergonomic}
   size_t NonProfiledCodeHeapSize                  = 122945536                              {pd product} {ergonomic}
   size_t ProfiledCodeHeapSize                     = 122945536                              {pd product} {ergonomic}
   size_t ReservedCodeCacheSize                    = 251789312                              {pd product} {ergonomic}
     bool SegmentedCodeCache                       = true                                      {product} {ergonomic}
   size_t SoftMaxHeapSize                          = 2147483648                             {manageable} {ergonomic}
     bool UseCompressedOops                        = true                           {product lp64_product} {ergonomic}
     bool UseFastUnorderedTimeStamps               = true                                 {experimental} {ergonomic}
     bool UseLargePagesIndividualAllocation        = false                                  {pd product} {ergonomic}
     bool UseParallelGC                            = true                                      {product} {command line}
      int X86ICacheSync                            = 3                                 {ARCH diagnostic} {ergonomic}

Logging:
Log output configuration:
 #0: stdout all=off uptime,level,tags foldmultilines=false
 #1: stderr all=off uptime,level,tags foldmultilines=false

Release file:
IMPLEMENTOR="Oracle Corporation" 
JAVA_RUNTIME_VERSION="26.0.2+10-55" 
JAVA_VERSION="26.0.2" 
JAVA_VERSION_DATE="2026-07-21" 
LIBC="default" 
MODULES="java.base java.compiler java.datatransfer java.xml java.prefs java.desktop java.instrument java.logging java.management java.security.sasl java.naming java.rmi java.management.rmi java.net.http java.scripting java.security.jgss java.transaction.xa java.sql java.sql.rowset java.xml.crypto java.se java.smartcardio jdk.accessibility jdk.internal.jvmstat jdk.attach jdk.charsets jdk.internal.opt jdk.zipfs jdk.compiler jdk.crypto.cryptoki jdk.crypto.ec jdk.crypto.mscapi jdk.dynalink jdk.internal.ed jdk.editpad jdk.internal.vm.ci jdk.graal.compiler jdk.graal.compiler.management jdk.hotspot.agent jdk.httpserver jdk.incubator.vector jdk.internal.le jdk.internal.md jdk.jartool jdk.javadoc jdk.jcmd jdk.management jdk.management.agent jdk.jconsole jdk.jdeps jdk.jdwp.agent jdk.jdi jdk.jfr jdk.jlink jdk.jpackage jdk.jshell jdk.jstatd jdk.localedata jdk.management.jfr jdk.naming.dns jdk.naming.rmi jdk.net jdk.nio.mapmode jdk.sctp jdk.security.auth jdk.security.jgss jdk.unsupported jdk.unsupported.desktop jdk.xml.dom" 
OS_ARCH="x86_64" 
OS_NAME="Windows" 
SOURCE=".:git:28b9aeff05f1 open:git:fa67dfdcec4b" 

Environment Variables:
PATH=C:\Program Files\Eclipse Adoptium\jdk-21.0.8.9-hotspot\bin;C:\Windows\system32;C:\Windows;C:\Windows\System32\Wbem;C:\Windows\System32\WindowsPowerShell\v1.0\;C:\Windows\System32\OpenSSH\;C:\Program Files\Gpg4win\..\GnuPG\bin;C:\Users\ASUS\AppData\Local\Programs\Python\Python313\Scripts\;C:\Users\ASUS\AppData\Local\Programs\Python\Python313\;C:\Users\ASUS\AppData\Local\Programs\Python\Launcher\;C:\Users\ASUS\AppData\Local\Microsoft\WindowsApps;C:\Users\ASUS\AppData\Local\Programs\Microsoft VS Code\bin;C:\Users\ASUS\AppData\Local\GitHubDesktop\bin
USERNAME=Seiya
OS=Windows_NT
PROCESSOR_IDENTIFIER=AMD64 Family 23 Model 160 Stepping 0, AuthenticAMD
TMP=C:\Users\ASUS\AppData\Local\Temp
TEMP=C:\Users\ASUS\AppData\Local\Temp




Compilation memory statistics disabled.

Periodic native trim disabled

---------------  S Y S T E M  ---------------

OS:
 Windows 11 , 64 bit Build 26100 (10.0.26100.9444)
OS uptime: 5 days 3:56 hours
Hyper-V role detected

CPU: total 8 (initial active 8) (4 cores per cpu, 2 threads per core) family 23 model 160 stepping 0 microcode 0x8a00006, cx8, cmov, fxsr, ht, mmx, 3dnowpref, sse, sse2, sse3, ssse3, sse4a, sse4.1, sse4.2, popcnt, lzcnt, tsc, tscinvbit, avx, avx2, aes, clmul, bmi1, bmi2, adx, sha, fma, vzeroupper, clflush, clflushopt, clwb, hv, rdtscp, rdpid, f16c
Processor Information for the first 8 processors :
  Max Mhz: 2801, Current Mhz: 2483, Mhz Limit: 2801

Memory: 4k page, system-wide physical 15647M (5144M free)
TotalPageFile size 15647M (AvailPageFile size 65M)
current process WorkingSet (physical memory assigned to process): 218M, peak: 265M
current process commit charge ("private bytes"): 307M, peak: 353M

vm_info: Java HotSpot(TM) 64-Bit Server VM (26.0.2+10-55) for windows-amd64 JRE (26.0.2+10-55), built on 2026-06-17T09:18:01Z with MS VC++ 17.13 (VS2022)

END.
